Warning: You are sending unauthenticated requests to the HF Hub. Please set a HF_TOKEN to enable higher rate limits and faster downloads.
Loaded class weights from /kaggle/working/run3_scoped/configs/class_weights.npy
Hazard class ids (contiguous): [5, 17, 18, 19]
No checkpoint found, starting fresh
Epoch 0 step 10 loss 3.0278 (ce 3.0278, hazard-dice 0.9869)
Epoch 0 step 20 loss 2.9090 (ce 2.9090, hazard-dice 0.9947)
Epoch 0 step 30 loss 3.0224 (ce 3.0224, hazard-dice 0.9909)
Epoch 0 step 40 loss 2.8807 (ce 2.8807, hazard-dice 0.9839)
Epoch 0 step 50 loss 2.7160 (ce 2.7160, hazard-dice 0.9888)
Checkpoint saved at step 50
Epoch 0 step 60 loss 3.0541 (ce 3.0541, hazard-dice 0.9679)
Epoch 0 step 70 loss 2.5310 (ce 2.5310, hazard-dice 0.9884)
Epoch 0 step 80 loss 2.8933 (ce 2.8933, hazard-dice 0.9837)
Epoch 0 step 90 loss 2.5415 (ce 2.5415, hazard-dice 0.9819)
Epoch 0 step 100 loss 2.4999 (ce 2.4999, hazard-dice 0.9864)
Checkpoint saved at step 100
Epoch 0 step 110 loss 2.0990 (ce 2.0990, hazard-dice 0.9876)
Epoch 0 step 120 loss 2.3202 (ce 2.3202, hazard-dice 0.9761)
Epoch 0 step 130 loss 2.3128 (ce 2.3128, hazard-dice 0.9895)
Epoch 0 step 140 loss 2.2935 (ce 2.2935, hazard-dice 0.9827)
Epoch 0 step 150 loss 2.2637 (ce 2.2637, hazard-dice 0.9737)
Checkpoint saved at step 150
Epoch 0 step 160 loss 2.3797 (ce 2.3797, hazard-dice 0.9707)
Epoch 0 step 170 loss 2.5136 (ce 2.5136, hazard-dice 0.9801)
Epoch 0 step 180 loss 2.0968 (ce 2.0968, hazard-dice 0.9910)
Epoch 0 step 190 loss 2.3780 (ce 2.3780, hazard-dice 0.9887)
Epoch 0 step 200 loss 1.5127 (ce 1.5127, hazard-dice 0.9745)
Checkpoint saved at step 200
Epoch 0 step 210 loss 1.6594 (ce 1.6594, hazard-dice 0.9701)
Epoch 0 step 220 loss 2.5001 (ce 2.5001, hazard-dice 0.9717)
Epoch 0 step 230 loss 1.8792 (ce 1.8792, hazard-dice 0.9673)
Epoch 0 step 240 loss 1.7218 (ce 1.7218, hazard-dice 0.9451)
Epoch 0 step 250 loss 2.4756 (ce 2.4756, hazard-dice 0.9528)
Checkpoint saved at step 250
Epoch 0 step 260 loss 1.4623 (ce 1.4623, hazard-dice 0.9556)
Epoch 0 step 270 loss 1.5541 (ce 1.5541, hazard-dice 0.9589)
Epoch 0 step 280 loss 1.7109 (ce 1.7109, hazard-dice 0.9340)
Epoch 0 step 290 loss 2.1272 (ce 2.1272, hazard-dice 0.9628)
Epoch 0 step 300 loss 1.6338 (ce 1.6338, hazard-dice 0.9291)
Checkpoint saved at step 300
Epoch 0 step 310 loss 2.0785 (ce 2.0785, hazard-dice 0.9338)
Epoch 0 step 320 loss 1.5267 (ce 1.5267, hazard-dice 0.9403)
Epoch 0 step 330 loss 1.1116 (ce 1.1116, hazard-dice 0.9110)
Epoch 0 step 340 loss 1.6269 (ce 1.6269, hazard-dice 0.9118)
Epoch 0 step 350 loss 1.6954 (ce 1.6954, hazard-dice 0.9202)
Checkpoint saved at step 350
Epoch 0 step 360 loss 1.8599 (ce 1.8599, hazard-dice 0.9530)
Epoch 0 step 370 loss 1.3328 (ce 1.3328, hazard-dice 0.9165)
Epoch 0 step 380 loss 1.3284 (ce 1.3284, hazard-dice 0.8874)
Epoch 0 step 390 loss 2.0620 (ce 2.0620, hazard-dice 0.9554)
Epoch 0 step 400 loss 1.0366 (ce 1.0366, hazard-dice 0.9427)
Checkpoint saved at step 400
Epoch 0 step 410 loss 1.3770 (ce 1.3770, hazard-dice 0.9146)
Epoch 0 step 420 loss 1.4701 (ce 1.4701, hazard-dice 0.9356)
Epoch 0 step 430 loss 1.1007 (ce 1.1007, hazard-dice 0.9066)
Epoch 0 step 440 loss 0.7201 (ce 0.7201, hazard-dice 0.9267)
Epoch 0 step 450 loss 0.8653 (ce 0.8653, hazard-dice 0.9801)
Checkpoint saved at step 450
Epoch 0 step 460 loss 1.2308 (ce 1.2308, hazard-dice 0.8963)
Epoch 0 step 470 loss 1.2840 (ce 1.2840, hazard-dice 0.9630)
Epoch 0 step 480 loss 2.5149 (ce 2.5149, hazard-dice 0.8773)
Epoch 0 step 490 loss 1.1612 (ce 1.1612, hazard-dice 0.9032)
Epoch 0 step 500 loss 1.3887 (ce 1.3887, hazard-dice 0.9307)
Checkpoint saved at step 500
Epoch 0 step 510 loss 1.5037 (ce 1.5037, hazard-dice 0.9178)
Epoch 0 step 520 loss 1.2473 (ce 1.2473, hazard-dice 0.9234)
Epoch 0 step 530 loss 2.2270 (ce 2.2270, hazard-dice 0.9046)
Epoch 0 step 540 loss 1.2558 (ce 1.2558, hazard-dice 0.9373)
Epoch 0 step 550 loss 1.1119 (ce 1.1119, hazard-dice 0.9710)
Checkpoint saved at step 550
Epoch 0 step 560 loss 1.0836 (ce 1.0836, hazard-dice 0.8812)
Epoch 0 step 570 loss 1.0572 (ce 1.0572, hazard-dice 0.8992)
Epoch 0 step 580 loss 1.0759 (ce 1.0759, hazard-dice 0.9180)
Epoch 0 step 590 loss 1.1217 (ce 1.1217, hazard-dice 0.9296)
Epoch 0 step 600 loss 1.0620 (ce 1.0620, hazard-dice 0.9153)
Checkpoint saved at step 600
Epoch 0 step 610 loss 1.2348 (ce 1.2348, hazard-dice 0.9843)
Epoch 0 step 620 loss 1.8106 (ce 1.8106, hazard-dice 0.9873)
Epoch 0 step 630 loss 1.1978 (ce 1.1978, hazard-dice 0.8992)
Epoch 0 step 640 loss 1.1552 (ce 1.1552, hazard-dice 0.9146)
Epoch 0 step 650 loss 1.2741 (ce 1.2741, hazard-dice 0.9257)
Checkpoint saved at step 650
Epoch 0 step 660 loss 1.1889 (ce 1.1889, hazard-dice 0.9203)
Epoch 0 step 670 loss 1.0841 (ce 1.0841, hazard-dice 0.9752)
Epoch 0 step 680 loss 1.0719 (ce 1.0719, hazard-dice 0.8777)
Epoch 0 step 690 loss 1.2455 (ce 1.2455, hazard-dice 0.9030)
Epoch 0 step 700 loss 1.0936 (ce 1.0936, hazard-dice 0.8779)
Checkpoint saved at step 700
Epoch 0 step 710 loss 0.8132 (ce 0.8132, hazard-dice 0.8355)
Epoch 0 step 720 loss 1.2554 (ce 1.2554, hazard-dice 0.9125)
Epoch 0 step 730 loss 0.7582 (ce 0.7582, hazard-dice 0.9353)
Epoch 0 step 740 loss 1.1870 (ce 1.1870, hazard-dice 0.9002)
Epoch 0 step 750 loss 1.1276 (ce 1.1276, hazard-dice 0.9025)
Checkpoint saved at step 750
Epoch 0 step 760 loss 0.8887 (ce 0.8887, hazard-dice 0.9122)
Epoch 0 step 770 loss 0.9328 (ce 0.9328, hazard-dice 0.9384)
Epoch 0 step 780 loss 1.0246 (ce 1.0246, hazard-dice 0.9021)
Epoch 0 step 790 loss 1.0091 (ce 1.0091, hazard-dice 0.8529)
Epoch 0 step 800 loss 1.2551 (ce 1.2551, hazard-dice 0.8032)
Checkpoint saved at step 800
Epoch 0 step 810 loss 0.8434 (ce 0.8434, hazard-dice 0.8819)
Epoch 0 step 820 loss 1.1029 (ce 1.1029, hazard-dice 0.9344)
Epoch 0 complete. Avg val loss: 1.0348 (ce 1.0348, hazard-dice 0.7823)
New best val loss 1.0348 - best checkpoint saved (epoch 1)
End-of-epoch checkpoint saved (epoch 1)
Epoch 1 step 830 loss 1.6609 (ce 1.6609, hazard-dice 0.9667)
Epoch 1 step 840 loss 0.6892 (ce 0.6892, hazard-dice 0.8752)
Epoch 1 step 850 loss 0.9357 (ce 0.9357, hazard-dice 0.9316)
Checkpoint saved at step 850
Epoch 1 step 860 loss 0.8295 (ce 0.8295, hazard-dice 0.9489)
Epoch 1 step 870 loss 0.9277 (ce 0.9277, hazard-dice 0.9433)
Epoch 1 step 880 loss 0.6001 (ce 0.6001, hazard-dice 0.8306)
Epoch 1 step 890 loss 0.4473 (ce 0.4473, hazard-dice 0.9187)
Epoch 1 step 900 loss 0.8622 (ce 0.8622, hazard-dice 0.8952)
Checkpoint saved at step 900
Epoch 1 step 910 loss 0.9112 (ce 0.9112, hazard-dice 0.8848)
Epoch 1 step 920 loss 0.6947 (ce 0.6947, hazard-dice 0.9275)
Epoch 1 step 930 loss 1.5463 (ce 1.5463, hazard-dice 0.9063)
Epoch 1 step 940 loss 0.9704 (ce 0.9704, hazard-dice 0.9135)
Epoch 1 step 950 loss 1.0107 (ce 1.0107, hazard-dice 0.8965)
Checkpoint saved at step 950
Epoch 1 step 960 loss 0.9173 (ce 0.9173, hazard-dice 0.8402)
Epoch 1 step 970 loss 0.9229 (ce 0.9229, hazard-dice 0.8584)
Epoch 1 step 980 loss 0.9481 (ce 0.9481, hazard-dice 0.8817)
Epoch 1 step 990 loss 0.7008 (ce 0.7008, hazard-dice 0.8951)
Epoch 1 step 1000 loss 1.0358 (ce 1.0358, hazard-dice 0.8940)
Checkpoint saved at step 1000
Epoch 1 step 1010 loss 0.7197 (ce 0.7197, hazard-dice 0.8609)
Epoch 1 step 1020 loss 0.9528 (ce 0.9528, hazard-dice 0.9936)
Epoch 1 step 1030 loss 0.7648 (ce 0.7648, hazard-dice 0.8394)
Epoch 1 step 1040 loss 0.6974 (ce 0.6974, hazard-dice 0.8581)
Epoch 1 step 1050 loss 0.4899 (ce 0.4899, hazard-dice 0.8458)
Checkpoint saved at step 1050
Epoch 1 step 1060 loss 0.5602 (ce 0.5602, hazard-dice 0.8176)
Epoch 1 step 1070 loss 0.5892 (ce 0.5892, hazard-dice 0.8362)
Epoch 1 step 1080 loss 0.7064 (ce 0.7064, hazard-dice 0.9144)
Epoch 1 step 1090 loss 0.6470 (ce 0.6470, hazard-dice 0.9672)
Epoch 1 step 1100 loss 0.6884 (ce 0.6884, hazard-dice 0.8881)
Checkpoint saved at step 1100
Epoch 1 step 1110 loss 0.6774 (ce 0.6774, hazard-dice 0.8821)
Epoch 1 step 1120 loss 0.6722 (ce 0.6722, hazard-dice 0.8366)
Epoch 1 step 1130 loss 1.1514 (ce 1.1514, hazard-dice 0.8936)
Epoch 1 step 1140 loss 0.6717 (ce 0.6717, hazard-dice 0.9161)
Epoch 1 step 1150 loss 1.2778 (ce 1.2778, hazard-dice 0.8900)
Checkpoint saved at step 1150
Epoch 1 step 1160 loss 0.5905 (ce 0.5905, hazard-dice 0.9116)
Epoch 1 step 1170 loss 0.6225 (ce 0.6225, hazard-dice 0.7934)
Epoch 1 step 1180 loss 1.7010 (ce 1.7010, hazard-dice 0.9566)
Epoch 1 step 1190 loss 0.7893 (ce 0.7893, hazard-dice 0.9180)
Epoch 1 step 1200 loss 0.8197 (ce 0.8197, hazard-dice 0.9992)
Checkpoint saved at step 1200
Epoch 1 step 1210 loss 0.7344 (ce 0.7344, hazard-dice 0.8726)
Epoch 1 step 1220 loss 0.5681 (ce 0.5681, hazard-dice 0.9141)
Epoch 1 step 1230 loss 0.6749 (ce 0.6749, hazard-dice 0.7937)
Epoch 1 step 1240 loss 0.4610 (ce 0.4610, hazard-dice 0.9444)
Epoch 1 step 1250 loss 0.6085 (ce 0.6085, hazard-dice 0.8679)
Checkpoint saved at step 1250
Epoch 1 step 1260 loss 0.8411 (ce 0.8411, hazard-dice 0.8251)
Epoch 1 step 1270 loss 0.5321 (ce 0.5321, hazard-dice 0.9038)
Epoch 1 step 1280 loss 0.9071 (ce 0.9071, hazard-dice 0.8293)
Epoch 1 step 1290 loss 0.7553 (ce 0.7553, hazard-dice 0.9363)
Epoch 1 step 1300 loss 0.5477 (ce 0.5477, hazard-dice 0.9092)
Checkpoint saved at step 1300
Epoch 1 step 1310 loss 1.5608 (ce 1.5608, hazard-dice 0.8953)
Epoch 1 step 1320 loss 0.6746 (ce 0.6746, hazard-dice 0.8969)
Epoch 1 step 1330 loss 0.8511 (ce 0.8511, hazard-dice 0.8028)
Epoch 1 step 1340 loss 0.7353 (ce 0.7353, hazard-dice 0.9015)
Epoch 1 step 1350 loss 0.6008 (ce 0.6008, hazard-dice 0.8851)
Checkpoint saved at step 1350
Epoch 1 step 1360 loss 0.9241 (ce 0.9241, hazard-dice 0.8174)
Epoch 1 step 1370 loss 0.8430 (ce 0.8430, hazard-dice 0.8918)
Epoch 1 step 1380 loss 0.4817 (ce 0.4817, hazard-dice 0.8957)
Epoch 1 step 1390 loss 0.5752 (ce 0.5752, hazard-dice 0.8426)
Epoch 1 step 1400 loss 0.6005 (ce 0.6005, hazard-dice 0.8267)
Checkpoint saved at step 1400
Epoch 1 step 1410 loss 0.8267 (ce 0.8267, hazard-dice 0.8791)
Epoch 1 step 1420 loss 0.8412 (ce 0.8412, hazard-dice 0.9281)
Epoch 1 step 1430 loss 0.4667 (ce 0.4667, hazard-dice 0.8299)
Epoch 1 step 1440 loss 0.8786 (ce 0.8786, hazard-dice 0.8284)
Epoch 1 step 1450 loss 0.5210 (ce 0.5210, hazard-dice 0.7973)
Checkpoint saved at step 1450
Epoch 1 step 1460 loss 0.5777 (ce 0.5777, hazard-dice 0.9224)
Epoch 1 step 1470 loss 0.5988 (ce 0.5988, hazard-dice 0.8146)
Epoch 1 step 1480 loss 0.7112 (ce 0.7112, hazard-dice 0.9125)
Epoch 1 step 1490 loss 0.7131 (ce 0.7131, hazard-dice 0.9100)
Epoch 1 step 1500 loss 1.3039 (ce 1.3039, hazard-dice 0.8959)
Checkpoint saved at step 1500
Epoch 1 step 1510 loss 0.4715 (ce 0.4715, hazard-dice 0.9301)
Epoch 1 step 1520 loss 0.5537 (ce 0.5537, hazard-dice 0.8358)
Epoch 1 step 1530 loss 0.6010 (ce 0.6010, hazard-dice 0.8591)
Epoch 1 step 1540 loss 0.4865 (ce 0.4865, hazard-dice 0.8905)
Epoch 1 step 1550 loss 0.6480 (ce 0.6480, hazard-dice 0.8505)
Checkpoint saved at step 1550
Epoch 1 step 1560 loss 0.4838 (ce 0.4838, hazard-dice 0.9031)
Epoch 1 step 1570 loss 0.6065 (ce 0.6065, hazard-dice 0.7937)
Epoch 1 step 1580 loss 0.4788 (ce 0.4788, hazard-dice 0.8691)
Epoch 1 step 1590 loss 0.5826 (ce 0.5826, hazard-dice 0.8604)
Epoch 1 step 1600 loss 3.2068 (ce 3.2068, hazard-dice 0.8310)
Checkpoint saved at step 1600
Epoch 1 step 1610 loss 0.5582 (ce 0.5582, hazard-dice 0.8055)
Epoch 1 step 1620 loss 0.9502 (ce 0.9502, hazard-dice 0.8292)
Epoch 1 step 1630 loss 0.7833 (ce 0.7833, hazard-dice 0.8773)
Epoch 1 step 1640 loss 2.2225 (ce 2.2225, hazard-dice 0.0000)
Epoch 1 step 1650 loss 0.7344 (ce 0.7344, hazard-dice 0.8447)
Checkpoint saved at step 1650
Epoch 1 complete. Avg val loss: 0.7930 (ce 0.7930, hazard-dice 0.6918)
New best val loss 0.7930 - best checkpoint saved (epoch 2)
End-of-epoch checkpoint saved (epoch 2)
Epoch 2 step 1660 loss 0.7308 (ce 0.7308, hazard-dice 0.8634)
Epoch 2 step 1670 loss 0.7172 (ce 0.7172, hazard-dice 0.8516)
Epoch 2 step 1680 loss 0.4959 (ce 0.4959, hazard-dice 0.8197)
Epoch 2 step 1690 loss 0.3768 (ce 0.3768, hazard-dice 0.7556)
Epoch 2 step 1700 loss 0.5911 (ce 0.5911, hazard-dice 0.7737)
Checkpoint saved at step 1700
Epoch 2 step 1710 loss 0.5845 (ce 0.5845, hazard-dice 0.8007)
Epoch 2 step 1720 loss 0.5163 (ce 0.5163, hazard-dice 0.8841)
Epoch 2 step 1730 loss 0.4702 (ce 0.4702, hazard-dice 0.8978)
Epoch 2 step 1740 loss 0.8195 (ce 0.8195, hazard-dice 0.8640)
Epoch 2 step 1750 loss 0.4206 (ce 0.4206, hazard-dice 0.8722)
Checkpoint saved at step 1750
Epoch 2 step 1760 loss 0.3472 (ce 0.3472, hazard-dice 0.9655)
Epoch 2 step 1770 loss 0.4191 (ce 0.4191, hazard-dice 0.8613)
Epoch 2 step 1780 loss 0.4579 (ce 0.4579, hazard-dice 0.7832)
Epoch 2 step 1790 loss 0.6731 (ce 0.6731, hazard-dice 0.8971)
Epoch 2 step 1800 loss 0.7205 (ce 0.7205, hazard-dice 0.9518)
Checkpoint saved at step 1800
Epoch 2 step 1810 loss 0.4296 (ce 0.4296, hazard-dice 0.8934)
Epoch 2 step 1820 loss 0.6640 (ce 0.6640, hazard-dice 0.9659)
Epoch 2 step 1830 loss 0.4394 (ce 0.4394, hazard-dice 0.8436)
Epoch 2 step 1840 loss 0.7699 (ce 0.7699, hazard-dice 0.8724)
Epoch 2 step 1850 loss 0.4699 (ce 0.4699, hazard-dice 0.8161)
Checkpoint saved at step 1850
Epoch 2 step 1860 loss 0.4033 (ce 0.4033, hazard-dice 0.8240)
Epoch 2 step 1870 loss 0.8025 (ce 0.8025, hazard-dice 0.7887)
Epoch 2 step 1880 loss 0.7278 (ce 0.7278, hazard-dice 0.9260)
Epoch 2 step 1890 loss 0.4400 (ce 0.4400, hazard-dice 0.7883)
Epoch 2 step 1900 loss 0.5083 (ce 0.5083, hazard-dice 0.8150)
Checkpoint saved at step 1900
Epoch 2 step 1910 loss 0.7699 (ce 0.7699, hazard-dice 0.8547)
Epoch 2 step 1920 loss 0.4058 (ce 0.4058, hazard-dice 0.8218)
Epoch 2 step 1930 loss 0.4277 (ce 0.4277, hazard-dice 0.7430)
Epoch 2 step 1940 loss 0.6316 (ce 0.6316, hazard-dice 0.7346)
Epoch 2 step 1950 loss 0.3012 (ce 0.3012, hazard-dice 0.7279)
Checkpoint saved at step 1950
Epoch 2 step 1960 loss 0.7635 (ce 0.7635, hazard-dice 0.8146)
Epoch 2 step 1970 loss 0.5469 (ce 0.5469, hazard-dice 0.9394)
Epoch 2 step 1980 loss 0.9416 (ce 0.9416, hazard-dice 0.9936)
Epoch 2 step 1990 loss 0.4459 (ce 0.4459, hazard-dice 0.8591)
Epoch 2 step 2000 loss 1.1876 (ce 1.1876, hazard-dice 0.7014)
Checkpoint saved at step 2000
Epoch 2 step 2010 loss 0.4050 (ce 0.4050, hazard-dice 0.8382)
Epoch 2 step 2020 loss 0.5237 (ce 0.5237, hazard-dice 0.8909)
Epoch 2 step 2030 loss 0.5364 (ce 0.5364, hazard-dice 0.7788)
Epoch 2 step 2040 loss 0.5258 (ce 0.5258, hazard-dice 0.8206)
Epoch 2 step 2050 loss 0.4463 (ce 0.4463, hazard-dice 0.8549)
Checkpoint saved at step 2050
Epoch 2 step 2060 loss 0.3864 (ce 0.3864, hazard-dice 0.6534)
Epoch 2 step 2070 loss 0.4664 (ce 0.4664, hazard-dice 0.9015)
Epoch 2 step 2080 loss 0.5294 (ce 0.5294, hazard-dice 0.8052)
Epoch 2 step 2090 loss 0.5320 (ce 0.5320, hazard-dice 0.6863)
Epoch 2 step 2100 loss 0.5612 (ce 0.5612, hazard-dice 0.7674)
Checkpoint saved at step 2100
Epoch 2 step 2110 loss 0.8738 (ce 0.8738, hazard-dice 0.8731)
Epoch 2 step 2120 loss 0.4365 (ce 0.4365, hazard-dice 0.8208)
Epoch 2 step 2130 loss 0.4723 (ce 0.4723, hazard-dice 0.7964)
Epoch 2 step 2140 loss 0.5210 (ce 0.5210, hazard-dice 0.9468)
Epoch 2 step 2150 loss 0.7678 (ce 0.7678, hazard-dice 0.7437)
Checkpoint saved at step 2150
Epoch 2 step 2160 loss 0.5935 (ce 0.5935, hazard-dice 0.8161)
Epoch 2 step 2170 loss 0.4807 (ce 0.4807, hazard-dice 0.8148)
Epoch 2 step 2180 loss 0.4441 (ce 0.4441, hazard-dice 0.7995)
Epoch 2 step 2190 loss 0.4300 (ce 0.4300, hazard-dice 0.8182)
Epoch 2 step 2200 loss 0.2977 (ce 0.2977, hazard-dice 0.8403)
Checkpoint saved at step 2200
Epoch 2 step 2210 loss 0.4417 (ce 0.4417, hazard-dice 0.8151)
Epoch 2 step 2220 loss 0.5347 (ce 0.5347, hazard-dice 0.8424)
Epoch 2 step 2230 loss 0.4056 (ce 0.4056, hazard-dice 0.8682)
Epoch 2 step 2240 loss 0.4385 (ce 0.4385, hazard-dice 0.8549)
Epoch 2 step 2250 loss 0.5412 (ce 0.5412, hazard-dice 0.7261)
Checkpoint saved at step 2250
Epoch 2 step 2260 loss 0.4559 (ce 0.4559, hazard-dice 0.9451)
Epoch 2 step 2270 loss 0.3492 (ce 0.3492, hazard-dice 0.8005)
Epoch 2 step 2280 loss 0.3780 (ce 0.3780, hazard-dice 0.7944)
Epoch 2 step 2290 loss 0.6179 (ce 0.6179, hazard-dice 0.8886)
Epoch 2 step 2300 loss 0.5082 (ce 0.5082, hazard-dice 0.8152)
Checkpoint saved at step 2300
Epoch 2 step 2310 loss 0.4205 (ce 0.4205, hazard-dice 0.9149)
Epoch 2 step 2320 loss 0.2896 (ce 0.2896, hazard-dice 0.7632)
Epoch 2 step 2330 loss 1.4497 (ce 1.4497, hazard-dice 0.7748)
Epoch 2 step 2340 loss 0.5193 (ce 0.5193, hazard-dice 0.5762)
Epoch 2 step 2350 loss 0.4593 (ce 0.4593, hazard-dice 0.7084)
Checkpoint saved at step 2350
Epoch 2 step 2360 loss 0.5268 (ce 0.5268, hazard-dice 0.7561)
Epoch 2 step 2370 loss 0.3780 (ce 0.3780, hazard-dice 0.7891)
Epoch 2 step 2380 loss 0.3420 (ce 0.3420, hazard-dice 0.8272)
Epoch 2 step 2390 loss 0.4695 (ce 0.4695, hazard-dice 0.7974)
Epoch 2 step 2400 loss 0.5488 (ce 0.5488, hazard-dice 0.9280)
Checkpoint saved at step 2400
Epoch 2 step 2410 loss 0.4521 (ce 0.4521, hazard-dice 0.8880)
Epoch 2 step 2420 loss 0.2675 (ce 0.2675, hazard-dice 0.8776)
Epoch 2 step 2430 loss 0.6973 (ce 0.6973, hazard-dice 0.7996)
Epoch 2 step 2440 loss 0.2677 (ce 0.2677, hazard-dice 0.8125)
Epoch 2 step 2450 loss 0.2591 (ce 0.2591, hazard-dice 0.8599)
Checkpoint saved at step 2450
Epoch 2 step 2460 loss 0.3724 (ce 0.3724, hazard-dice 0.7057)
Epoch 2 step 2470 loss 0.4291 (ce 0.4291, hazard-dice 0.8128)
Epoch 2 complete. Avg val loss: 0.7107 (ce 0.7107, hazard-dice 0.6550)
New best val loss 0.7107 - best checkpoint saved (epoch 3)
End-of-epoch checkpoint saved (epoch 3)
