Loaded class weights from /kaggle/working/run3_scoped/configs/class_weights.npy
Hazard class ids (contiguous): [5, 17, 18, 19]
Resuming from checkpoint: /kaggle/working/run3_scoped/checkpoints/latest.pt
Resumed at epoch 3, step 3500, best_val_loss 0.7107483006832076
Epoch 3 step 3510 loss 0.1503 (ce 0.1503, hazard-dice 0.7838)
Epoch 3 step 3520 loss 0.3784 (ce 0.3784, hazard-dice 0.7225)
Epoch 3 step 3530 loss 0.2897 (ce 0.2897, hazard-dice 0.8985)
Epoch 3 step 3540 loss 0.4545 (ce 0.4545, hazard-dice 0.9519)
Epoch 3 step 3550 loss 0.2128 (ce 0.2128, hazard-dice 0.7931)
Checkpoint saved at step 3550
Epoch 3 step 3560 loss 0.2984 (ce 0.2984, hazard-dice 0.5691)
Epoch 3 step 3570 loss 0.2620 (ce 0.2620, hazard-dice 0.8592)
Epoch 3 step 3580 loss 0.4364 (ce 0.4364, hazard-dice 0.8082)
Epoch 3 step 3590 loss 0.4068 (ce 0.4068, hazard-dice 0.8257)
Epoch 3 step 3600 loss 0.3401 (ce 0.3401, hazard-dice 0.9504)
Checkpoint saved at step 3600
Epoch 3 step 3610 loss 0.5920 (ce 0.5920, hazard-dice 0.8756)
Epoch 3 step 3620 loss 0.2686 (ce 0.2686, hazard-dice 0.8076)
Epoch 3 step 3630 loss 0.3199 (ce 0.3199, hazard-dice 0.9582)
Epoch 3 step 3640 loss 0.2352 (ce 0.2352, hazard-dice 0.9054)
Epoch 3 step 3650 loss 0.2839 (ce 0.2839, hazard-dice 0.8057)
Checkpoint saved at step 3650
Epoch 3 step 3660 loss 0.3027 (ce 0.3027, hazard-dice 0.7026)
Epoch 3 step 3670 loss 0.3350 (ce 0.3350, hazard-dice 0.8806)
Epoch 3 step 3680 loss 0.2639 (ce 0.2639, hazard-dice 0.7907)
Epoch 3 step 3690 loss 0.2328 (ce 0.2328, hazard-dice 0.8354)
Epoch 3 step 3700 loss 0.3380 (ce 0.3380, hazard-dice 0.8730)
Checkpoint saved at step 3700
Epoch 3 step 3710 loss 0.4167 (ce 0.4167, hazard-dice 0.8293)
Epoch 3 step 3720 loss 0.7026 (ce 0.7026, hazard-dice 0.6687)
Epoch 3 step 3730 loss 0.8248 (ce 0.8248, hazard-dice 0.7389)
Epoch 3 step 3740 loss 0.2510 (ce 0.2510, hazard-dice 0.7121)
Epoch 3 step 3750 loss 0.4357 (ce 0.4357, hazard-dice 0.7242)
Checkpoint saved at step 3750
Epoch 3 step 3760 loss 0.3248 (ce 0.3248, hazard-dice 0.6809)
Epoch 3 step 3770 loss 0.2941 (ce 0.2941, hazard-dice 0.7884)
Epoch 3 step 3780 loss 0.1764 (ce 0.1764, hazard-dice 0.7535)
Epoch 3 step 3790 loss 0.3872 (ce 0.3872, hazard-dice 0.9190)
Epoch 3 step 3800 loss 0.4313 (ce 0.4313, hazard-dice 0.8612)
Checkpoint saved at step 3800
Epoch 3 step 3810 loss 0.4434 (ce 0.4434, hazard-dice 0.7003)
Epoch 3 step 3820 loss 0.3829 (ce 0.3829, hazard-dice 0.8836)
Epoch 3 step 3830 loss 0.4339 (ce 0.4339, hazard-dice 0.7209)
Epoch 3 step 3840 loss 0.2600 (ce 0.2600, hazard-dice 0.8928)
Epoch 3 step 3850 loss 0.3561 (ce 0.3561, hazard-dice 0.8789)
Checkpoint saved at step 3850
Epoch 3 step 3860 loss 0.2365 (ce 0.2365, hazard-dice 0.7317)
Epoch 3 step 3870 loss 0.3266 (ce 0.3266, hazard-dice 0.7866)
Epoch 3 step 3880 loss 0.2615 (ce 0.2615, hazard-dice 0.7114)
Epoch 3 step 3890 loss 0.3487 (ce 0.3487, hazard-dice 0.8009)
Epoch 3 step 3900 loss 0.1752 (ce 0.1752, hazard-dice 0.8090)
Checkpoint saved at step 3900
Epoch 3 step 3910 loss 0.1310 (ce 0.1310, hazard-dice 0.7519)
Epoch 3 step 3920 loss 0.3584 (ce 0.3584, hazard-dice 0.8459)
Epoch 3 step 3930 loss 0.3256 (ce 0.3256, hazard-dice 0.7194)
Epoch 3 step 3940 loss 0.6986 (ce 0.6986, hazard-dice 0.7542)
Epoch 3 step 3950 loss 0.3187 (ce 0.3187, hazard-dice 0.7150)
Checkpoint saved at step 3950
Epoch 3 step 3960 loss 0.2429 (ce 0.2429, hazard-dice 0.7594)
Epoch 3 step 3970 loss 0.2706 (ce 0.2706, hazard-dice 0.8174)
Epoch 3 step 3980 loss 0.3887 (ce 0.3887, hazard-dice 0.7950)
Epoch 3 step 3990 loss 0.3709 (ce 0.3709, hazard-dice 0.8267)
Epoch 3 step 4000 loss 0.3956 (ce 0.3956, hazard-dice 0.7320)
Checkpoint saved at step 4000
Epoch 3 step 4010 loss 0.5647 (ce 0.5647, hazard-dice 0.7179)
Epoch 3 step 4020 loss 0.3713 (ce 0.3713, hazard-dice 0.8202)
Epoch 3 step 4030 loss 0.3198 (ce 0.3198, hazard-dice 0.7221)
Epoch 3 step 4040 loss 0.2960 (ce 0.2960, hazard-dice 0.7325)
Epoch 3 step 4050 loss 0.1926 (ce 0.1926, hazard-dice 0.8153)
Checkpoint saved at step 4050
Epoch 3 step 4060 loss 0.5009 (ce 0.5009, hazard-dice 0.7613)
Epoch 3 step 4070 loss 0.2789 (ce 0.2789, hazard-dice 0.8052)
Epoch 3 step 4080 loss 0.7766 (ce 0.7766, hazard-dice 0.7140)
Epoch 3 step 4090 loss 0.2336 (ce 0.2336, hazard-dice 0.6920)
Epoch 3 step 4100 loss 0.8191 (ce 0.8191, hazard-dice 0.8763)
Checkpoint saved at step 4100
Epoch 3 step 4110 loss 2.0697 (ce 2.0697, hazard-dice 0.9063)
Epoch 3 step 4120 loss 0.4869 (ce 0.4869, hazard-dice 0.8479)
Epoch 3 step 4130 loss 0.5766 (ce 0.5766, hazard-dice 0.8721)
Epoch 3 step 4140 loss 0.1266 (ce 0.1266, hazard-dice 0.7488)
Epoch 3 step 4150 loss 0.3955 (ce 0.3955, hazard-dice 0.6381)
Checkpoint saved at step 4150
Epoch 3 step 4160 loss 0.5162 (ce 0.5162, hazard-dice 0.8223)
Epoch 3 step 4170 loss 0.5011 (ce 0.5011, hazard-dice 0.6514)
Epoch 3 step 4180 loss 0.3745 (ce 0.3745, hazard-dice 0.7198)
Epoch 3 step 4190 loss 0.5288 (ce 0.5288, hazard-dice 0.8655)
Epoch 3 step 4200 loss 0.4323 (ce 0.4323, hazard-dice 0.7248)
Checkpoint saved at step 4200
Epoch 3 step 4210 loss 0.2100 (ce 0.2100, hazard-dice 0.7756)
Epoch 3 step 4220 loss 0.4274 (ce 0.4274, hazard-dice 0.7413)
Epoch 3 step 4230 loss 0.1996 (ce 0.1996, hazard-dice 0.7256)
Epoch 3 step 4240 loss 0.2403 (ce 0.2403, hazard-dice 0.7611)
Epoch 3 step 4250 loss 0.3340 (ce 0.3340, hazard-dice 0.6683)
Checkpoint saved at step 4250
Epoch 3 step 4260 loss 0.2695 (ce 0.2695, hazard-dice 0.7907)
Epoch 3 step 4270 loss 0.3131 (ce 0.3131, hazard-dice 0.7986)
Epoch 3 step 4280 loss 0.4408 (ce 0.4408, hazard-dice 0.7041)
Epoch 3 step 4290 loss 0.3240 (ce 0.3240, hazard-dice 0.8446)
Epoch 3 step 4300 loss 0.5300 (ce 0.5300, hazard-dice 0.8264)
Checkpoint saved at step 4300
Epoch 3 step 4310 loss 0.3414 (ce 0.3414, hazard-dice 0.8939)
Epoch 3 step 4320 loss 0.4075 (ce 0.4075, hazard-dice 0.9842)
Epoch 3 complete. Avg val loss: 0.6689 (ce 0.6689, hazard-dice 0.5823)
New best val loss 0.6689 - best checkpoint saved (epoch 4)
End-of-epoch checkpoint saved (epoch 4)
Epoch 4 step 4330 loss 0.3390 (ce 0.3390, hazard-dice 0.7962)
Epoch 4 step 4340 loss 0.6083 (ce 0.6083, hazard-dice 0.9817)
Epoch 4 step 4350 loss 0.3212 (ce 0.3212, hazard-dice 0.6622)
Checkpoint saved at step 4350
Epoch 4 step 4360 loss 0.3880 (ce 0.3880, hazard-dice 0.9218)
Epoch 4 step 4370 loss 0.2626 (ce 0.2626, hazard-dice 0.7395)
Epoch 4 step 4380 loss 0.3464 (ce 0.3464, hazard-dice 0.8397)
Epoch 4 step 4390 loss 0.1793 (ce 0.1793, hazard-dice 0.8240)
Epoch 4 step 4400 loss 0.3309 (ce 0.3309, hazard-dice 0.7943)
Checkpoint saved at step 4400
Epoch 4 step 4410 loss 0.5130 (ce 0.5130, hazard-dice 0.7456)
Epoch 4 step 4420 loss 0.3269 (ce 0.3269, hazard-dice 0.8296)
Epoch 4 step 4430 loss 0.3986 (ce 0.3986, hazard-dice 0.7836)
Epoch 4 step 4440 loss 0.2761 (ce 0.2761, hazard-dice 0.8042)
Epoch 4 step 4450 loss 0.5264 (ce 0.5264, hazard-dice 0.7755)
Checkpoint saved at step 4450
Epoch 4 step 4460 loss 0.4491 (ce 0.4491, hazard-dice 0.7219)
Epoch 4 step 4470 loss 0.6748 (ce 0.6748, hazard-dice 0.7204)
Epoch 4 step 4480 loss 0.1465 (ce 0.1465, hazard-dice 0.6955)
Epoch 4 step 4490 loss 0.4536 (ce 0.4536, hazard-dice 0.8455)
Epoch 4 step 4500 loss 0.3489 (ce 0.3489, hazard-dice 0.7815)
Checkpoint saved at step 4500
Epoch 4 step 4510 loss 0.2688 (ce 0.2688, hazard-dice 0.6330)
Epoch 4 step 4520 loss 0.3104 (ce 0.3104, hazard-dice 0.7421)
Epoch 4 step 4530 loss 0.6127 (ce 0.6127, hazard-dice 0.7457)
Epoch 4 step 4540 loss 0.4423 (ce 0.4423, hazard-dice 0.8298)
Epoch 4 step 4550 loss 0.1641 (ce 0.1641, hazard-dice 0.6513)
Checkpoint saved at step 4550
Epoch 4 step 4560 loss 0.2287 (ce 0.2287, hazard-dice 0.8643)
Epoch 4 step 4570 loss 0.3032 (ce 0.3032, hazard-dice 0.7365)
Epoch 4 step 4580 loss 0.2353 (ce 0.2353, hazard-dice 0.8593)
Epoch 4 step 4590 loss 0.3051 (ce 0.3051, hazard-dice 0.7848)
Epoch 4 step 4600 loss 0.3151 (ce 0.3151, hazard-dice 0.8005)
Checkpoint saved at step 4600
Epoch 4 step 4610 loss 0.2717 (ce 0.2717, hazard-dice 0.8060)
Epoch 4 step 4620 loss 0.2523 (ce 0.2523, hazard-dice 0.6994)
Epoch 4 step 4630 loss 0.3386 (ce 0.3386, hazard-dice 0.7417)
Epoch 4 step 4640 loss 0.3299 (ce 0.3299, hazard-dice 0.7488)
Epoch 4 step 4650 loss 0.3554 (ce 0.3554, hazard-dice 0.8605)
Checkpoint saved at step 4650
Epoch 4 step 4660 loss 0.2767 (ce 0.2767, hazard-dice 0.6622)
Epoch 4 step 4670 loss 1.6525 (ce 1.6525, hazard-dice 0.8696)
Epoch 4 step 4680 loss 0.5184 (ce 0.5184, hazard-dice 0.8561)
Epoch 4 step 4690 loss 0.2994 (ce 0.2994, hazard-dice 0.7423)
Epoch 4 step 4700 loss 0.2593 (ce 0.2593, hazard-dice 0.7547)
Checkpoint saved at step 4700
Epoch 4 step 4710 loss 0.2015 (ce 0.2015, hazard-dice 0.7854)
Epoch 4 step 4720 loss 0.4407 (ce 0.4407, hazard-dice 0.8676)
Epoch 4 step 4730 loss 0.2941 (ce 0.2941, hazard-dice 0.7024)
Epoch 4 step 4740 loss 0.3375 (ce 0.3375, hazard-dice 0.8283)
Epoch 4 step 4750 loss 0.4342 (ce 0.4342, hazard-dice 0.7577)
Checkpoint saved at step 4750
Epoch 4 step 4760 loss 0.1506 (ce 0.1506, hazard-dice 0.7299)
Epoch 4 step 4770 loss 0.2115 (ce 0.2115, hazard-dice 0.7350)
Epoch 4 step 4780 loss 0.1947 (ce 0.1947, hazard-dice 0.5720)
Epoch 4 step 4790 loss 0.3987 (ce 0.3987, hazard-dice 0.8076)
Epoch 4 step 4800 loss 0.3082 (ce 0.3082, hazard-dice 0.5085)
Checkpoint saved at step 4800
Epoch 4 step 4810 loss 0.2447 (ce 0.2447, hazard-dice 0.9485)
Epoch 4 step 4820 loss 0.2180 (ce 0.2180, hazard-dice 0.9918)
Epoch 4 step 4830 loss 0.2817 (ce 0.2817, hazard-dice 0.8489)
Epoch 4 step 4840 loss 0.2217 (ce 0.2217, hazard-dice 0.6349)
Epoch 4 step 4850 loss 0.1775 (ce 0.1775, hazard-dice 0.7275)
Checkpoint saved at step 4850
Epoch 4 step 4860 loss 0.2801 (ce 0.2801, hazard-dice 0.6845)
Epoch 4 step 4870 loss 0.3509 (ce 0.3509, hazard-dice 0.7660)
Epoch 4 step 4880 loss 0.3116 (ce 0.3116, hazard-dice 0.7347)
Epoch 4 step 4890 loss 0.1983 (ce 0.1983, hazard-dice 0.7570)
Epoch 4 step 4900 loss 0.6961 (ce 0.6961, hazard-dice 0.7982)
Checkpoint saved at step 4900
Epoch 4 step 4910 loss 0.9355 (ce 0.9355, hazard-dice 0.6520)
Epoch 4 step 4920 loss 0.3432 (ce 0.3432, hazard-dice 0.8736)
Epoch 4 step 4930 loss 0.3084 (ce 0.3084, hazard-dice 0.7829)
Epoch 4 step 4940 loss 0.3800 (ce 0.3800, hazard-dice 0.7861)
Epoch 4 step 4950 loss 0.1943 (ce 0.1943, hazard-dice 0.6006)
Checkpoint saved at step 4950
Epoch 4 step 4960 loss 0.3290 (ce 0.3290, hazard-dice 0.6901)
Epoch 4 step 4970 loss 0.2945 (ce 0.2945, hazard-dice 0.8409)
Epoch 4 step 4980 loss 0.3436 (ce 0.3436, hazard-dice 0.8150)
Epoch 4 step 4990 loss 0.2114 (ce 0.2114, hazard-dice 0.8011)
Epoch 4 step 5000 loss 0.5480 (ce 0.5480, hazard-dice 0.7517)
Checkpoint saved at step 5000
Epoch 4 step 5010 loss 0.1541 (ce 0.1541, hazard-dice 0.8381)
Epoch 4 step 5020 loss 0.2497 (ce 0.2497, hazard-dice 0.6354)
Epoch 4 step 5030 loss 0.4398 (ce 0.4398, hazard-dice 0.8799)
Epoch 4 step 5040 loss 0.4739 (ce 0.4739, hazard-dice 0.7588)
Epoch 4 step 5050 loss 0.2916 (ce 0.2916, hazard-dice 0.7218)
Checkpoint saved at step 5050
Epoch 4 step 5060 loss 0.3355 (ce 0.3355, hazard-dice 0.7921)
Epoch 4 step 5070 loss 0.3434 (ce 0.3434, hazard-dice 0.7594)
Epoch 4 step 5080 loss 0.4847 (ce 0.4847, hazard-dice 0.6332)
Epoch 4 step 5090 loss 0.2388 (ce 0.2388, hazard-dice 0.6779)
Epoch 4 step 5100 loss 0.2682 (ce 0.2682, hazard-dice 0.6979)
Checkpoint saved at step 5100
Epoch 4 step 5110 loss 0.3081 (ce 0.3081, hazard-dice 0.9405)
Epoch 4 step 5120 loss 0.3903 (ce 0.3903, hazard-dice 0.7104)
Epoch 4 step 5130 loss 0.2832 (ce 0.2832, hazard-dice 0.7705)
Epoch 4 step 5140 loss 0.2570 (ce 0.2570, hazard-dice 0.7232)
Epoch 4 step 5150 loss 0.3419 (ce 0.3419, hazard-dice 0.8412)
Checkpoint saved at step 5150
Epoch 4 complete. Avg val loss: 0.7441 (ce 0.7441, hazard-dice 0.5842)
No improvement for 1 epoch(s) (best remains 0.6689 from an earlier epoch)
End-of-epoch checkpoint saved (epoch 5)
Epoch 5 step 5160 loss 0.2695 (ce 0.2695, hazard-dice 0.6604)
Epoch 5 step 5170 loss 0.2151 (ce 0.2151, hazard-dice 0.7744)
Epoch 5 step 5180 loss 0.3011 (ce 0.3011, hazard-dice 0.7332)
Epoch 5 step 5190 loss 0.3962 (ce 0.3962, hazard-dice 0.8805)
Epoch 5 step 5200 loss 0.5028 (ce 0.5028, hazard-dice 0.9264)
Checkpoint saved at step 5200
Epoch 5 step 5210 loss 0.3241 (ce 0.3241, hazard-dice 0.9691)
Epoch 5 step 5220 loss 0.2979 (ce 0.2979, hazard-dice 0.7269)
Epoch 5 step 5230 loss 0.1853 (ce 0.1853, hazard-dice 0.7444)
Epoch 5 step 5240 loss 0.2671 (ce 0.2671, hazard-dice 0.8893)
Epoch 5 step 5250 loss 0.2154 (ce 0.2154, hazard-dice 0.5747)
Checkpoint saved at step 5250
Epoch 5 step 5260 loss 0.1742 (ce 0.1742, hazard-dice 0.8478)
Epoch 5 step 5270 loss 0.1537 (ce 0.1537, hazard-dice 0.4531)
Epoch 5 step 5280 loss 0.1808 (ce 0.1808, hazard-dice 0.8139)
Epoch 5 step 5290 loss 0.2300 (ce 0.2300, hazard-dice 0.5159)
Epoch 5 step 5300 loss 0.8752 (ce 0.8752, hazard-dice 0.8674)
Checkpoint saved at step 5300
Epoch 5 step 5310 loss 0.2635 (ce 0.2635, hazard-dice 0.7249)
Epoch 5 step 5320 loss 0.4508 (ce 0.4508, hazard-dice 0.7074)
Epoch 5 step 5330 loss 0.3590 (ce 0.3590, hazard-dice 0.9059)
Epoch 5 step 5340 loss 0.4417 (ce 0.4417, hazard-dice 0.9505)
Epoch 5 step 5350 loss 0.2840 (ce 0.2840, hazard-dice 0.7225)
Checkpoint saved at step 5350
Epoch 5 step 5360 loss 0.2742 (ce 0.2742, hazard-dice 0.6986)
Epoch 5 step 5370 loss 0.5513 (ce 0.5513, hazard-dice 0.7714)
Epoch 5 step 5380 loss 0.4186 (ce 0.4186, hazard-dice 0.7507)
Epoch 5 step 5390 loss 0.3127 (ce 0.3127, hazard-dice 0.7874)
Epoch 5 step 5400 loss 0.3091 (ce 0.3091, hazard-dice 0.8201)
Checkpoint saved at step 5400
Epoch 5 step 5410 loss 0.3276 (ce 0.3276, hazard-dice 0.7643)
Epoch 5 step 5420 loss 0.2436 (ce 0.2436, hazard-dice 0.8010)
Epoch 5 step 5430 loss 0.6573 (ce 0.6573, hazard-dice 0.8534)
Epoch 5 step 5440 loss 0.5196 (ce 0.5196, hazard-dice 0.8334)
Epoch 5 step 5450 loss 0.1807 (ce 0.1807, hazard-dice 0.8597)
Checkpoint saved at step 5450
Epoch 5 step 5460 loss 0.2929 (ce 0.2929, hazard-dice 0.6200)
Epoch 5 step 5470 loss 0.5605 (ce 0.5605, hazard-dice 0.7991)
Epoch 5 step 5480 loss 0.1662 (ce 0.1662, hazard-dice 0.7868)
Epoch 5 step 5490 loss 0.1619 (ce 0.1619, hazard-dice 0.8719)
Epoch 5 step 5500 loss 0.1832 (ce 0.1832, hazard-dice 0.7624)
Checkpoint saved at step 5500
Epoch 5 step 5510 loss 0.1857 (ce 0.1857, hazard-dice 0.8027)
Epoch 5 step 5520 loss 0.2503 (ce 0.2503, hazard-dice 0.5570)
Epoch 5 step 5530 loss 0.6402 (ce 0.6402, hazard-dice 0.9169)
Epoch 5 step 5540 loss 0.3746 (ce 0.3746, hazard-dice 0.8382)
Epoch 5 step 5550 loss 0.2603 (ce 0.2603, hazard-dice 0.8974)
Checkpoint saved at step 5550
Epoch 5 step 5560 loss 0.2904 (ce 0.2904, hazard-dice 0.8372)
Epoch 5 step 5570 loss 0.2721 (ce 0.2721, hazard-dice 0.7440)
Epoch 5 step 5580 loss 0.1756 (ce 0.1756, hazard-dice 0.8323)
Epoch 5 step 5590 loss 0.1353 (ce 0.1353, hazard-dice 0.7367)
Epoch 5 step 5600 loss 0.2108 (ce 0.2108, hazard-dice 0.8403)
Checkpoint saved at step 5600
Epoch 5 step 5610 loss 1.9940 (ce 1.9940, hazard-dice 0.6596)
Epoch 5 step 5620 loss 0.2604 (ce 0.2604, hazard-dice 0.7184)
Epoch 5 step 5630 loss 0.3931 (ce 0.3931, hazard-dice 0.7954)
Epoch 5 step 5640 loss 0.2290 (ce 0.2290, hazard-dice 0.7525)
Epoch 5 step 5650 loss 0.3042 (ce 0.3042, hazard-dice 0.4673)
Checkpoint saved at step 5650
Epoch 5 step 5660 loss 0.2417 (ce 0.2417, hazard-dice 0.6903)
Epoch 5 step 5670 loss 0.2200 (ce 0.2200, hazard-dice 0.8213)
Epoch 5 step 5680 loss 0.1821 (ce 0.1821, hazard-dice 0.8119)
Epoch 5 step 5690 loss 0.2075 (ce 0.2075, hazard-dice 0.8436)
Epoch 5 step 5700 loss 0.2324 (ce 0.2324, hazard-dice 0.6451)
Checkpoint saved at step 5700
Epoch 5 step 5710 loss 0.3102 (ce 0.3102, hazard-dice 0.7492)
Epoch 5 step 5720 loss 0.2402 (ce 0.2402, hazard-dice 0.7695)
Epoch 5 step 5730 loss 0.2639 (ce 0.2639, hazard-dice 0.8814)
Epoch 5 step 5740 loss 0.3359 (ce 0.3359, hazard-dice 0.8472)
Epoch 5 step 5750 loss 0.3711 (ce 0.3711, hazard-dice 0.9296)
Checkpoint saved at step 5750
Epoch 5 step 5760 loss 0.3198 (ce 0.3198, hazard-dice 0.7574)
Epoch 5 step 5770 loss 0.4087 (ce 0.4087, hazard-dice 0.8988)
Epoch 5 step 5780 loss 0.2662 (ce 0.2662, hazard-dice 0.8483)
Epoch 5 step 5790 loss 0.2991 (ce 0.2991, hazard-dice 0.7729)
Epoch 5 step 5800 loss 0.2415 (ce 0.2415, hazard-dice 0.8988)
Checkpoint saved at step 5800
Epoch 5 step 5810 loss 0.1418 (ce 0.1418, hazard-dice 0.8055)
Epoch 5 step 5820 loss 0.2359 (ce 0.2359, hazard-dice 0.7213)
Epoch 5 step 5830 loss 0.4509 (ce 0.4509, hazard-dice 0.8725)
Epoch 5 step 5840 loss 0.5672 (ce 0.5672, hazard-dice 0.7018)
Epoch 5 step 5850 loss 0.3775 (ce 0.3775, hazard-dice 0.9230)
Checkpoint saved at step 5850
Epoch 5 step 5860 loss 0.2232 (ce 0.2232, hazard-dice 0.7279)
Epoch 5 step 5870 loss 0.3877 (ce 0.3877, hazard-dice 0.6135)
Epoch 5 step 5880 loss 0.1979 (ce 0.1979, hazard-dice 0.9963)
Epoch 5 step 5890 loss 0.3338 (ce 0.3338, hazard-dice 0.7679)
Epoch 5 step 5900 loss 0.2173 (ce 0.2173, hazard-dice 0.7741)
Checkpoint saved at step 5900
Epoch 5 step 5910 loss 0.3763 (ce 0.3763, hazard-dice 0.9243)
Epoch 5 step 5920 loss 0.1115 (ce 0.1115, hazard-dice 0.6940)
Epoch 5 step 5930 loss 0.3055 (ce 0.3055, hazard-dice 0.8809)
Epoch 5 step 5940 loss 0.7459 (ce 0.7459, hazard-dice 0.7459)
Epoch 5 step 5950 loss 0.2673 (ce 0.2673, hazard-dice 0.7953)
Checkpoint saved at step 5950
Epoch 5 step 5960 loss 0.1426 (ce 0.1426, hazard-dice 0.6701)
Epoch 5 step 5970 loss 0.1989 (ce 0.1989, hazard-dice 0.7969)
Epoch 5 complete. Avg val loss: 0.7058 (ce 0.7058, hazard-dice 0.5599)
No improvement for 2 epoch(s) (best remains 0.6689 from an earlier epoch)
End-of-epoch checkpoint saved (epoch 6)
Epoch 6 step 5980 loss 0.2850 (ce 0.2850, hazard-dice 0.6033)
Epoch 6 step 5990 loss 0.2228 (ce 0.2228, hazard-dice 0.7703)
Epoch 6 step 6000 loss 0.4358 (ce 0.4358, hazard-dice 0.8049)
Checkpoint saved at step 6000
Epoch 6 step 6010 loss 0.2415 (ce 0.2415, hazard-dice 0.7145)
Epoch 6 step 6020 loss 0.2460 (ce 0.2460, hazard-dice 0.9270)
Epoch 6 step 6030 loss 0.2446 (ce 0.2446, hazard-dice 0.8491)
Epoch 6 step 6040 loss 0.2260 (ce 0.2260, hazard-dice 0.5805)
Epoch 6 step 6050 loss 0.2756 (ce 0.2756, hazard-dice 0.8378)
Checkpoint saved at step 6050
Epoch 6 step 6060 loss 0.2138 (ce 0.2138, hazard-dice 0.5713)
Epoch 6 step 6070 loss 0.3428 (ce 0.3428, hazard-dice 0.7887)
Epoch 6 step 6080 loss 0.6721 (ce 0.6721, hazard-dice 0.6223)
Epoch 6 step 6090 loss 0.2536 (ce 0.2536, hazard-dice 0.6566)
Epoch 6 step 6100 loss 0.5188 (ce 0.5188, hazard-dice 0.8011)
Checkpoint saved at step 6100
Epoch 6 step 6110 loss 0.6487 (ce 0.6487, hazard-dice 0.8289)
Epoch 6 step 6120 loss 0.3904 (ce 0.3904, hazard-dice 0.7216)
Epoch 6 step 6130 loss 0.2837 (ce 0.2837, hazard-dice 0.9001)
Epoch 6 step 6140 loss 0.3047 (ce 0.3047, hazard-dice 0.7738)
Epoch 6 step 6150 loss 0.2194 (ce 0.2194, hazard-dice 0.6559)
Checkpoint saved at step 6150
Epoch 6 step 6160 loss 0.5494 (ce 0.5494, hazard-dice 0.7695)
Epoch 6 step 6170 loss 0.3097 (ce 0.3097, hazard-dice 0.7042)
Epoch 6 step 6180 loss 0.6192 (ce 0.6192, hazard-dice 0.7556)
Epoch 6 step 6190 loss 0.3002 (ce 0.3002, hazard-dice 0.9634)
Epoch 6 step 6200 loss 0.2568 (ce 0.2568, hazard-dice 0.7935)
Checkpoint saved at step 6200
Epoch 6 step 6210 loss 0.2724 (ce 0.2724, hazard-dice 0.6610)
Epoch 6 step 6220 loss 0.2654 (ce 0.2654, hazard-dice 0.8660)
Epoch 6 step 6230 loss 0.2353 (ce 0.2353, hazard-dice 0.7779)
Epoch 6 step 6240 loss 0.1732 (ce 0.1732, hazard-dice 0.7558)
Epoch 6 step 6250 loss 0.2770 (ce 0.2770, hazard-dice 0.8205)
Checkpoint saved at step 6250
Epoch 6 step 6260 loss 0.1963 (ce 0.1963, hazard-dice 0.6048)
Epoch 6 step 6270 loss 0.4535 (ce 0.4535, hazard-dice 0.8050)
Epoch 6 step 6280 loss 0.2514 (ce 0.2514, hazard-dice 0.6001)
Epoch 6 step 6290 loss 1.0839 (ce 1.0839, hazard-dice 0.5919)
Epoch 6 step 6300 loss 0.2906 (ce 0.2906, hazard-dice 0.6783)
Checkpoint saved at step 6300
Epoch 6 step 6310 loss 0.1533 (ce 0.1533, hazard-dice 0.7842)
Epoch 6 step 6320 loss 0.3125 (ce 0.3125, hazard-dice 0.7851)
Epoch 6 step 6330 loss 0.4850 (ce 0.4850, hazard-dice 0.7381)
Epoch 6 step 6340 loss 0.5098 (ce 0.5098, hazard-dice 0.9010)
Epoch 6 step 6350 loss 0.3347 (ce 0.3347, hazard-dice 0.6722)
Checkpoint saved at step 6350
Epoch 6 step 6360 loss 0.4135 (ce 0.4135, hazard-dice 0.8851)
Epoch 6 step 6370 loss 0.2073 (ce 0.2073, hazard-dice 0.6316)
Epoch 6 step 6380 loss 0.2597 (ce 0.2597, hazard-dice 0.7183)
Epoch 6 step 6390 loss 0.1930 (ce 0.1930, hazard-dice 0.5839)
Epoch 6 step 6400 loss 0.3428 (ce 0.3428, hazard-dice 0.7037)
Checkpoint saved at step 6400
Epoch 6 step 6410 loss 0.2340 (ce 0.2340, hazard-dice 0.8673)
Epoch 6 step 6420 loss 0.2166 (ce 0.2166, hazard-dice 0.6991)
Epoch 6 step 6430 loss 0.2607 (ce 0.2607, hazard-dice 0.8107)
Epoch 6 step 6440 loss 0.4286 (ce 0.4286, hazard-dice 0.8397)
Epoch 6 step 6450 loss 0.1861 (ce 0.1861, hazard-dice 0.8215)
Checkpoint saved at step 6450
Epoch 6 step 6460 loss 0.2039 (ce 0.2039, hazard-dice 0.6303)
Epoch 6 step 6470 loss 0.2164 (ce 0.2164, hazard-dice 0.8929)
Epoch 6 step 6480 loss 0.2062 (ce 0.2062, hazard-dice 0.7968)
Epoch 6 step 6490 loss 0.3185 (ce 0.3185, hazard-dice 0.7021)
Epoch 6 step 6500 loss 0.2333 (ce 0.2333, hazard-dice 0.8111)
Checkpoint saved at step 6500
Epoch 6 step 6510 loss 0.1968 (ce 0.1968, hazard-dice 0.7018)
Epoch 6 step 6520 loss 0.1707 (ce 0.1707, hazard-dice 0.6600)
Epoch 6 step 6530 loss 0.6190 (ce 0.6190, hazard-dice 0.8668)
Epoch 6 step 6540 loss 0.3415 (ce 0.3415, hazard-dice 0.8501)
Epoch 6 step 6550 loss 0.1749 (ce 0.1749, hazard-dice 0.7205)
Checkpoint saved at step 6550
Epoch 6 step 6560 loss 0.3370 (ce 0.3370, hazard-dice 0.7923)
Epoch 6 step 6570 loss 0.5075 (ce 0.5075, hazard-dice 0.7809)
Epoch 6 step 6580 loss 0.2965 (ce 0.2965, hazard-dice 0.7690)
Epoch 6 step 6590 loss 0.3790 (ce 0.3790, hazard-dice 0.8642)
Epoch 6 step 6600 loss 0.3472 (ce 0.3472, hazard-dice 0.8596)
Checkpoint saved at step 6600
Epoch 6 step 6610 loss 0.1775 (ce 0.1775, hazard-dice 0.6635)
Epoch 6 step 6620 loss 0.7915 (ce 0.7915, hazard-dice 0.6404)
Epoch 6 step 6630 loss 0.1529 (ce 0.1529, hazard-dice 0.7384)
Epoch 6 step 6640 loss 0.2201 (ce 0.2201, hazard-dice 0.7565)
Epoch 6 step 6650 loss 0.5360 (ce 0.5360, hazard-dice 0.7288)
Checkpoint saved at step 6650
Epoch 6 step 6660 loss 0.2312 (ce 0.2312, hazard-dice 0.7287)
Epoch 6 step 6670 loss 0.5083 (ce 0.5083, hazard-dice 0.8023)
Epoch 6 step 6680 loss 0.2425 (ce 0.2425, hazard-dice 0.7294)
Epoch 6 step 6690 loss 0.2201 (ce 0.2201, hazard-dice 0.6143)
Epoch 6 step 6700 loss 0.4494 (ce 0.4494, hazard-dice 0.8558)
Checkpoint saved at step 6700
Epoch 6 step 6710 loss 0.1627 (ce 0.1627, hazard-dice 0.6239)
Epoch 6 step 6720 loss 0.2886 (ce 0.2886, hazard-dice 0.8862)
Epoch 6 step 6730 loss 0.3685 (ce 0.3685, hazard-dice 0.7548)
Epoch 6 step 6740 loss 0.1577 (ce 0.1577, hazard-dice 0.7693)
Epoch 6 step 6750 loss 0.3518 (ce 0.3518, hazard-dice 0.6295)
Checkpoint saved at step 6750
Epoch 6 step 6760 loss 0.4012 (ce 0.4012, hazard-dice 0.7722)
Epoch 6 step 6770 loss 0.2906 (ce 0.2906, hazard-dice 0.5806)
Epoch 6 step 6780 loss 0.3150 (ce 0.3150, hazard-dice 0.7258)
Epoch 6 step 6790 loss 0.0913 (ce 0.0913, hazard-dice 0.7067)
Traceback (most recent call last):
  File "/kaggle/working/run3_scoped/src/train.py", line 165, in <module>
    train(
  File "/kaggle/working/run3_scoped/src/train.py", line 100, in train
    optimizer.step()
  File "/usr/local/lib/python3.12/dist-packages/torch/optim/optimizer.py", line 526, in wrapper
    out = func(*args, **kwargs)
          ^^^^^^^^^^^^^^^^^^^^^
  File "/usr/local/lib/python3.12/dist-packages/torch/optim/optimizer.py", line 81, in _use_grad
    ret = func(*args, **kwargs)
          ^^^^^^^^^^^^^^^^^^^^^
  File "/usr/local/lib/python3.12/dist-packages/torch/optim/adam.py", line 248, in step
    adam(
  File "/usr/local/lib/python3.12/dist-packages/torch/optim/optimizer.py", line 151, in maybe_fallback
    return func(*args, **kwargs)
           ^^^^^^^^^^^^^^^^^^^^^
  File "/usr/local/lib/python3.12/dist-packages/torch/optim/adam.py", line 970, in adam
    func(
  File "/usr/local/lib/python3.12/dist-packages/torch/optim/adam.py", line 773, in _multi_tensor_adam
    1 - beta1 ** _get_value(step) for step in device_state_steps
                 ^^^^^^^^^^^^^^^^
  File "/usr/local/lib/python3.12/dist-packages/torch/optim/optimizer.py", line 96, in _get_value
    return x.item() if isinstance(x, torch.Tensor) else x
           ^^^^^^^^
KeyboardInterrupt


=== RESUMED after interrupt, from step-6750 checkpoint ===

Loaded class weights from /kaggle/working/run3_scoped/configs/class_weights.npy
Hazard class ids (contiguous): [5, 17, 18, 19]
Resuming from checkpoint: /kaggle/working/run3_scoped/checkpoints/latest.pt
Resumed at epoch 6, step 6750, best_val_loss 0.6688786304699696
Epoch 6 step 6760 loss 0.5526 (ce 0.5526, hazard-dice 0.5480)
Epoch 6 step 6770 loss 0.2515 (ce 0.2515, hazard-dice 0.7708)
Epoch 6 step 6780 loss 0.2286 (ce 0.2286, hazard-dice 0.7792)
Epoch 6 step 6790 loss 0.1988 (ce 0.1988, hazard-dice 0.7784)
Epoch 6 step 6800 loss 0.2110 (ce 0.2110, hazard-dice 0.8946)
Checkpoint saved at step 6800
Epoch 6 step 6810 loss 0.1290 (ce 0.1290, hazard-dice 0.6346)
Epoch 6 step 6820 loss 0.1839 (ce 0.1839, hazard-dice 0.7393)
Epoch 6 step 6830 loss 0.2100 (ce 0.2100, hazard-dice 0.7659)
Epoch 6 step 6840 loss 0.2493 (ce 0.2493, hazard-dice 0.6393)
Epoch 6 step 6850 loss 0.1602 (ce 0.1602, hazard-dice 0.6041)
Checkpoint saved at step 6850
Epoch 6 step 6860 loss 0.2182 (ce 0.2182, hazard-dice 0.6898)
Epoch 6 step 6870 loss 0.1360 (ce 0.1360, hazard-dice 0.7689)
Epoch 6 step 6880 loss 0.2481 (ce 0.2481, hazard-dice 0.6093)
Epoch 6 step 6890 loss 0.4087 (ce 0.4087, hazard-dice 0.8674)
Epoch 6 step 6900 loss 0.4666 (ce 0.4666, hazard-dice 0.7825)
Checkpoint saved at step 6900
Epoch 6 step 6910 loss 0.5981 (ce 0.5981, hazard-dice 0.6001)
Epoch 6 step 6920 loss 0.1168 (ce 0.1168, hazard-dice 0.7684)
Epoch 6 step 6930 loss 0.3941 (ce 0.3941, hazard-dice 0.7378)
Epoch 6 step 6940 loss 0.2645 (ce 0.2645, hazard-dice 0.8743)
Epoch 6 step 6950 loss 0.2890 (ce 0.2890, hazard-dice 0.6951)
Checkpoint saved at step 6950
Epoch 6 step 6960 loss 0.1964 (ce 0.1964, hazard-dice 0.7231)
Epoch 6 step 6970 loss 0.9272 (ce 0.9272, hazard-dice 0.7292)
Epoch 6 step 6980 loss 0.3109 (ce 0.3109, hazard-dice 0.7676)
Epoch 6 step 6990 loss 0.2386 (ce 0.2386, hazard-dice 0.7730)
Epoch 6 step 7000 loss 0.3017 (ce 0.3017, hazard-dice 0.9160)
Checkpoint saved at step 7000
Epoch 6 step 7010 loss 0.0988 (ce 0.0988, hazard-dice 0.6712)
Epoch 6 step 7020 loss 0.1592 (ce 0.1592, hazard-dice 0.7109)
Epoch 6 step 7030 loss 0.2668 (ce 0.2668, hazard-dice 0.7499)
Epoch 6 step 7040 loss 0.1825 (ce 0.1825, hazard-dice 0.7502)
Epoch 6 step 7050 loss 0.4139 (ce 0.4139, hazard-dice 0.8165)
Checkpoint saved at step 7050
Epoch 6 step 7060 loss 0.2339 (ce 0.2339, hazard-dice 0.9111)
Epoch 6 step 7070 loss 0.3329 (ce 0.3329, hazard-dice 0.8000)
Epoch 6 step 7080 loss 0.1405 (ce 0.1405, hazard-dice 0.6903)
Epoch 6 step 7090 loss 0.1644 (ce 0.1644, hazard-dice 0.8580)
Epoch 6 step 7100 loss 0.3837 (ce 0.3837, hazard-dice 0.7086)
Checkpoint saved at step 7100
Epoch 6 step 7110 loss 0.3365 (ce 0.3365, hazard-dice 0.7495)
Epoch 6 step 7120 loss 0.9920 (ce 0.9920, hazard-dice 0.0000)
Epoch 6 step 7130 loss 0.4497 (ce 0.4497, hazard-dice 0.7235)
Epoch 6 step 7140 loss 0.1852 (ce 0.1852, hazard-dice 0.7778)
Epoch 6 step 7150 loss 0.3784 (ce 0.3784, hazard-dice 0.7258)
Checkpoint saved at step 7150
Epoch 6 step 7160 loss 0.2981 (ce 0.2981, hazard-dice 0.7432)
Epoch 6 step 7170 loss 0.1799 (ce 0.1799, hazard-dice 0.7291)
Epoch 6 step 7180 loss 0.3344 (ce 0.3344, hazard-dice 0.6652)
Epoch 6 step 7190 loss 1.1401 (ce 1.1401, hazard-dice 0.7155)
Epoch 6 step 7200 loss 0.3976 (ce 0.3976, hazard-dice 0.8120)
Checkpoint saved at step 7200
Epoch 6 step 7210 loss 0.2365 (ce 0.2365, hazard-dice 0.8387)
Epoch 6 step 7220 loss 0.2126 (ce 0.2126, hazard-dice 0.6457)
Epoch 6 step 7230 loss 0.2710 (ce 0.2710, hazard-dice 0.8296)
Epoch 6 step 7240 loss 0.7910 (ce 0.7910, hazard-dice 0.8235)
Epoch 6 step 7250 loss 0.5968 (ce 0.5968, hazard-dice 0.8964)
Checkpoint saved at step 7250
Epoch 6 step 7260 loss 0.2125 (ce 0.2125, hazard-dice 0.8577)
Epoch 6 step 7270 loss 0.2074 (ce 0.2074, hazard-dice 0.7578)
Epoch 6 step 7280 loss 0.1274 (ce 0.1274, hazard-dice 0.7778)
Epoch 6 step 7290 loss 0.2547 (ce 0.2547, hazard-dice 0.6634)
Epoch 6 step 7300 loss 0.2689 (ce 0.2689, hazard-dice 0.8575)
Checkpoint saved at step 7300
Epoch 6 step 7310 loss 0.2098 (ce 0.2098, hazard-dice 0.6621)
Epoch 6 step 7320 loss 0.1430 (ce 0.1430, hazard-dice 0.9207)
Epoch 6 step 7330 loss 0.3346 (ce 0.3346, hazard-dice 0.8086)
Epoch 6 step 7340 loss 0.2825 (ce 0.2825, hazard-dice 0.8229)
Epoch 6 step 7350 loss 0.1870 (ce 0.1870, hazard-dice 0.8285)
Checkpoint saved at step 7350
Epoch 6 step 7360 loss 0.3760 (ce 0.3760, hazard-dice 0.6558)
Epoch 6 step 7370 loss 0.1526 (ce 0.1526, hazard-dice 0.8648)
Epoch 6 step 7380 loss 0.1693 (ce 0.1693, hazard-dice 0.7592)
Epoch 6 step 7390 loss 0.1133 (ce 0.1133, hazard-dice 0.6579)
Epoch 6 step 7400 loss 0.4794 (ce 0.4794, hazard-dice 0.4885)
Checkpoint saved at step 7400
Epoch 6 step 7410 loss 0.2496 (ce 0.2496, hazard-dice 0.6814)
Epoch 6 step 7420 loss 0.9753 (ce 0.9753, hazard-dice 0.8458)
Epoch 6 step 7430 loss 0.3038 (ce 0.3038, hazard-dice 0.7938)
Epoch 6 step 7440 loss 0.2438 (ce 0.2438, hazard-dice 0.7542)
Epoch 6 step 7450 loss 0.3802 (ce 0.3802, hazard-dice 0.6612)
Checkpoint saved at step 7450
Epoch 6 step 7460 loss 0.3342 (ce 0.3342, hazard-dice 0.7198)
Epoch 6 step 7470 loss 0.3261 (ce 0.3261, hazard-dice 0.7962)
Epoch 6 step 7480 loss 0.1434 (ce 0.1434, hazard-dice 0.7807)
Epoch 6 step 7490 loss 0.4299 (ce 0.4299, hazard-dice 0.7561)
Epoch 6 step 7500 loss 0.4473 (ce 0.4473, hazard-dice 0.7525)
Checkpoint saved at step 7500
Epoch 6 step 7510 loss 0.1449 (ce 0.1449, hazard-dice 0.8647)
Epoch 6 step 7520 loss 0.2595 (ce 0.2595, hazard-dice 0.6031)
Epoch 6 step 7530 loss 0.7327 (ce 0.7327, hazard-dice 0.8085)
Epoch 6 step 7540 loss 0.4229 (ce 0.4229, hazard-dice 0.7877)
Epoch 6 step 7550 loss 0.2339 (ce 0.2339, hazard-dice 0.5750)
Checkpoint saved at step 7550
Epoch 6 step 7560 loss 0.1982 (ce 0.1982, hazard-dice 0.8181)
Epoch 6 step 7570 loss 0.1743 (ce 0.1743, hazard-dice 0.8677)
Epoch 6 complete. Avg val loss: 0.7917 (ce 0.7917, hazard-dice 0.5350)
No improvement for 1 epoch(s) (best remains 0.6689 from an earlier epoch)
End-of-epoch checkpoint saved (epoch 7)
Epoch 7 step 7580 loss 0.1805 (ce 0.1805, hazard-dice 0.8000)
Epoch 7 step 7590 loss 0.2186 (ce 0.2186, hazard-dice 0.7160)
Epoch 7 step 7600 loss 0.3215 (ce 0.3215, hazard-dice 0.6962)
Checkpoint saved at step 7600
Epoch 7 step 7610 loss 0.2754 (ce 0.2754, hazard-dice 0.5580)
Epoch 7 step 7620 loss 0.2756 (ce 0.2756, hazard-dice 0.7470)
Epoch 7 step 7630 loss 0.4696 (ce 0.4696, hazard-dice 0.7140)
Epoch 7 step 7640 loss 0.3555 (ce 0.3555, hazard-dice 0.7064)
Epoch 7 step 7650 loss 0.1928 (ce 0.1928, hazard-dice 0.7495)
Checkpoint saved at step 7650
Epoch 7 step 7660 loss 0.3468 (ce 0.3468, hazard-dice 0.7493)
Epoch 7 step 7670 loss 0.3057 (ce 0.3057, hazard-dice 0.7660)
Epoch 7 step 7680 loss 0.2142 (ce 0.2142, hazard-dice 0.5927)
Epoch 7 step 7690 loss 0.4577 (ce 0.4577, hazard-dice 0.8603)
Epoch 7 step 7700 loss 0.2412 (ce 0.2412, hazard-dice 0.6217)
Checkpoint saved at step 7700
Epoch 7 step 7710 loss 0.2462 (ce 0.2462, hazard-dice 0.8103)
Epoch 7 step 7720 loss 0.2891 (ce 0.2891, hazard-dice 0.6784)
Epoch 7 step 7730 loss 0.2310 (ce 0.2310, hazard-dice 0.8528)
Epoch 7 step 7740 loss 0.1792 (ce 0.1792, hazard-dice 0.8086)
Epoch 7 step 7750 loss 0.1274 (ce 0.1274, hazard-dice 0.6950)
Checkpoint saved at step 7750
Epoch 7 step 7760 loss 0.3432 (ce 0.3432, hazard-dice 0.7944)
Epoch 7 step 7770 loss 0.1792 (ce 0.1792, hazard-dice 0.6796)
Epoch 7 step 7780 loss 0.1394 (ce 0.1394, hazard-dice 0.7123)
Epoch 7 step 7790 loss 0.3392 (ce 0.3392, hazard-dice 0.7188)
Epoch 7 step 7800 loss 0.2027 (ce 0.2027, hazard-dice 0.8291)
Checkpoint saved at step 7800
Epoch 7 step 7810 loss 0.2495 (ce 0.2495, hazard-dice 0.6749)
Epoch 7 step 7820 loss 0.3061 (ce 0.3061, hazard-dice 0.7751)
Epoch 7 step 7830 loss 0.3088 (ce 0.3088, hazard-dice 0.6185)
Epoch 7 step 7840 loss 0.1778 (ce 0.1778, hazard-dice 0.8245)
Epoch 7 step 7850 loss 0.2320 (ce 0.2320, hazard-dice 0.7302)
Checkpoint saved at step 7850
Epoch 7 step 7860 loss 0.1060 (ce 0.1060, hazard-dice 0.7723)
Epoch 7 step 7870 loss 0.1844 (ce 0.1844, hazard-dice 0.6688)
Epoch 7 step 7880 loss 0.2418 (ce 0.2418, hazard-dice 0.5527)
Epoch 7 step 7890 loss 0.2706 (ce 0.2706, hazard-dice 0.6159)
Epoch 7 step 7900 loss 0.2196 (ce 0.2196, hazard-dice 0.6877)
Checkpoint saved at step 7900
Epoch 7 step 7910 loss 0.1628 (ce 0.1628, hazard-dice 0.8528)
Epoch 7 step 7920 loss 0.1293 (ce 0.1293, hazard-dice 0.7510)
Epoch 7 step 7930 loss 0.3067 (ce 0.3067, hazard-dice 0.7441)
Epoch 7 step 7940 loss 0.1856 (ce 0.1856, hazard-dice 0.7340)
Epoch 7 step 7950 loss 0.2476 (ce 0.2476, hazard-dice 0.7458)
Checkpoint saved at step 7950
Epoch 7 step 7960 loss 0.1716 (ce 0.1716, hazard-dice 0.7750)
Epoch 7 step 7970 loss 0.2377 (ce 0.2377, hazard-dice 0.5838)
Epoch 7 step 7980 loss 0.2092 (ce 0.2092, hazard-dice 0.6337)
Epoch 7 step 7990 loss 0.2020 (ce 0.2020, hazard-dice 0.6306)
Epoch 7 step 8000 loss 0.3143 (ce 0.3143, hazard-dice 0.7285)
Checkpoint saved at step 8000
Epoch 7 step 8010 loss 0.1712 (ce 0.1712, hazard-dice 0.7525)
Epoch 7 step 8020 loss 0.2973 (ce 0.2973, hazard-dice 0.8656)
Epoch 7 step 8030 loss 0.3429 (ce 0.3429, hazard-dice 0.7861)
Epoch 7 step 8040 loss 0.2306 (ce 0.2306, hazard-dice 0.7169)
Epoch 7 step 8050 loss 0.1662 (ce 0.1662, hazard-dice 0.6735)
Checkpoint saved at step 8050
Epoch 7 step 8060 loss 0.1825 (ce 0.1825, hazard-dice 0.7075)
Epoch 7 step 8070 loss 0.2575 (ce 0.2575, hazard-dice 0.7401)
Epoch 7 step 8080 loss 0.4085 (ce 0.4085, hazard-dice 0.6754)
Epoch 7 step 8090 loss 0.2384 (ce 0.2384, hazard-dice 0.7449)
Epoch 7 step 8100 loss 0.2692 (ce 0.2692, hazard-dice 0.7015)
Checkpoint saved at step 8100
Epoch 7 step 8110 loss 0.2815 (ce 0.2815, hazard-dice 0.6634)
Epoch 7 step 8120 loss 0.1809 (ce 0.1809, hazard-dice 0.7415)
Epoch 7 step 8130 loss 0.1475 (ce 0.1475, hazard-dice 0.8215)
Epoch 7 step 8140 loss 0.3529 (ce 0.3529, hazard-dice 0.8605)
Epoch 7 step 8150 loss 0.2208 (ce 0.2208, hazard-dice 0.7968)
Checkpoint saved at step 8150
Epoch 7 step 8160 loss 0.1535 (ce 0.1535, hazard-dice 0.7752)
Epoch 7 step 8170 loss 0.4727 (ce 0.4727, hazard-dice 0.8575)
Epoch 7 step 8180 loss 0.3630 (ce 0.3630, hazard-dice 0.6119)
Epoch 7 step 8190 loss 0.1852 (ce 0.1852, hazard-dice 0.8322)
Epoch 7 step 8200 loss 0.1633 (ce 0.1633, hazard-dice 0.7616)
Checkpoint saved at step 8200
Epoch 7 step 8210 loss 0.1500 (ce 0.1500, hazard-dice 0.7093)
Epoch 7 step 8220 loss 0.1939 (ce 0.1939, hazard-dice 0.7489)
Epoch 7 step 8230 loss 0.3311 (ce 0.3311, hazard-dice 0.6907)
Epoch 7 step 8240 loss 0.2744 (ce 0.2744, hazard-dice 0.7323)
Epoch 7 step 8250 loss 0.2667 (ce 0.2667, hazard-dice 0.6341)
Checkpoint saved at step 8250
Epoch 7 step 8260 loss 0.2466 (ce 0.2466, hazard-dice 0.6977)
Epoch 7 step 8270 loss 0.1727 (ce 0.1727, hazard-dice 0.8287)
Epoch 7 step 8280 loss 0.1705 (ce 0.1705, hazard-dice 0.6889)
Epoch 7 step 8290 loss 0.1450 (ce 0.1450, hazard-dice 0.6502)
Epoch 7 step 8300 loss 0.1677 (ce 0.1677, hazard-dice 0.7839)
Checkpoint saved at step 8300
Epoch 7 step 8310 loss 0.2465 (ce 0.2465, hazard-dice 0.8393)
Epoch 7 step 8320 loss 0.2156 (ce 0.2156, hazard-dice 0.6495)
Epoch 7 step 8330 loss 0.3630 (ce 0.3630, hazard-dice 0.8463)
Epoch 7 step 8340 loss 0.3864 (ce 0.3864, hazard-dice 0.6674)
Epoch 7 step 8350 loss 0.1778 (ce 0.1778, hazard-dice 0.8070)
Checkpoint saved at step 8350
Epoch 7 step 8360 loss 0.1589 (ce 0.1589, hazard-dice 0.5991)
Epoch 7 step 8370 loss 0.4187 (ce 0.4187, hazard-dice 0.7700)
Epoch 7 step 8380 loss 0.3181 (ce 0.3181, hazard-dice 0.5523)
Epoch 7 step 8390 loss 0.1623 (ce 0.1623, hazard-dice 0.8112)
Epoch 7 step 8400 loss 0.4615 (ce 0.4615, hazard-dice 0.8702)
Checkpoint saved at step 8400
Epoch 7 complete. Avg val loss: 0.7031 (ce 0.7031, hazard-dice 0.5412)
No improvement for 2 epoch(s) (best remains 0.6689 from an earlier epoch)
End-of-epoch checkpoint saved (epoch 8)
Epoch 8 step 8410 loss 0.2862 (ce 0.2862, hazard-dice 0.6029)
Epoch 8 step 8420 loss 0.2921 (ce 0.2921, hazard-dice 0.7449)
Epoch 8 step 8430 loss 0.1254 (ce 0.1254, hazard-dice 0.7100)
Epoch 8 step 8440 loss 0.3085 (ce 0.3085, hazard-dice 0.6309)
Epoch 8 step 8450 loss 0.1535 (ce 0.1535, hazard-dice 0.7114)
Checkpoint saved at step 8450
Epoch 8 step 8460 loss 0.1462 (ce 0.1462, hazard-dice 0.7386)
Epoch 8 step 8470 loss 0.1210 (ce 0.1210, hazard-dice 0.7921)
Epoch 8 step 8480 loss 0.1949 (ce 0.1949, hazard-dice 0.7974)
Epoch 8 step 8490 loss 0.5736 (ce 0.5736, hazard-dice 0.7968)
Epoch 8 step 8500 loss 0.1635 (ce 0.1635, hazard-dice 0.8923)
Checkpoint saved at step 8500
Epoch 8 step 8510 loss 0.2140 (ce 0.2140, hazard-dice 0.6734)
Epoch 8 step 8520 loss 0.1346 (ce 0.1346, hazard-dice 0.8210)
Epoch 8 step 8530 loss 0.2028 (ce 0.2028, hazard-dice 0.4473)
Epoch 8 step 8540 loss 0.3329 (ce 0.3329, hazard-dice 0.6695)
Epoch 8 step 8550 loss 0.4264 (ce 0.4264, hazard-dice 0.8670)
Checkpoint saved at step 8550
Epoch 8 step 8560 loss 0.3203 (ce 0.3203, hazard-dice 0.8454)
Epoch 8 step 8570 loss 0.1696 (ce 0.1696, hazard-dice 0.6154)
Epoch 8 step 8580 loss 0.1503 (ce 0.1503, hazard-dice 0.7872)
Epoch 8 step 8590 loss 0.2840 (ce 0.2840, hazard-dice 0.7154)
Epoch 8 step 8600 loss 0.1335 (ce 0.1335, hazard-dice 0.7586)
Checkpoint saved at step 8600
Epoch 8 step 8610 loss 0.2632 (ce 0.2632, hazard-dice 0.7181)
Epoch 8 step 8620 loss 0.2461 (ce 0.2461, hazard-dice 0.6986)
Epoch 8 step 8630 loss 0.2130 (ce 0.2130, hazard-dice 0.8954)
Epoch 8 step 8640 loss 0.1553 (ce 0.1553, hazard-dice 0.8051)
Epoch 8 step 8650 loss 0.3171 (ce 0.3171, hazard-dice 0.8333)
Checkpoint saved at step 8650
Epoch 8 step 8660 loss 0.1839 (ce 0.1839, hazard-dice 0.9013)
Epoch 8 step 8670 loss 0.2178 (ce 0.2178, hazard-dice 0.7607)
Epoch 8 step 8680 loss 0.2272 (ce 0.2272, hazard-dice 0.6628)
Epoch 8 step 8690 loss 0.2244 (ce 0.2244, hazard-dice 0.6584)
Epoch 8 step 8700 loss 0.3065 (ce 0.3065, hazard-dice 0.8458)
Checkpoint saved at step 8700
Epoch 8 step 8710 loss 0.1969 (ce 0.1969, hazard-dice 0.7192)
Epoch 8 step 8720 loss 0.1791 (ce 0.1791, hazard-dice 0.7593)
Epoch 8 step 8730 loss 0.1618 (ce 0.1618, hazard-dice 0.6475)
Epoch 8 step 8740 loss 0.1947 (ce 0.1947, hazard-dice 0.7626)
Epoch 8 step 8750 loss 0.2005 (ce 0.2005, hazard-dice 0.6438)
Checkpoint saved at step 8750
Epoch 8 step 8760 loss 0.2181 (ce 0.2181, hazard-dice 0.6372)
Epoch 8 step 8770 loss 0.1676 (ce 0.1676, hazard-dice 0.7654)
Epoch 8 step 8780 loss 0.1747 (ce 0.1747, hazard-dice 0.6473)
Epoch 8 step 8790 loss 0.1662 (ce 0.1662, hazard-dice 0.7467)
Epoch 8 step 8800 loss 0.1616 (ce 0.1616, hazard-dice 0.5481)
Checkpoint saved at step 8800
Epoch 8 step 8810 loss 0.1214 (ce 0.1214, hazard-dice 0.7314)
Epoch 8 step 8820 loss 0.3507 (ce 0.3507, hazard-dice 0.9056)
Epoch 8 step 8830 loss 0.2856 (ce 0.2856, hazard-dice 0.7485)
Epoch 8 step 8840 loss 0.2650 (ce 0.2650, hazard-dice 0.7244)
Epoch 8 step 8850 loss 0.3175 (ce 0.3175, hazard-dice 0.5818)
Checkpoint saved at step 8850
Epoch 8 step 8860 loss 0.1591 (ce 0.1591, hazard-dice 0.8822)
Epoch 8 step 8870 loss 0.2013 (ce 0.2013, hazard-dice 0.6733)
Epoch 8 step 8880 loss 0.3575 (ce 0.3575, hazard-dice 0.8602)
Epoch 8 step 8890 loss 0.1161 (ce 0.1161, hazard-dice 0.7060)
Epoch 8 step 8900 loss 0.2447 (ce 0.2447, hazard-dice 0.7774)
Checkpoint saved at step 8900
Epoch 8 step 8910 loss 0.1826 (ce 0.1826, hazard-dice 0.7488)
Epoch 8 step 8920 loss 0.3087 (ce 0.3087, hazard-dice 0.7230)
Epoch 8 step 8930 loss 0.1638 (ce 0.1638, hazard-dice 0.7030)
Epoch 8 step 8940 loss 0.1859 (ce 0.1859, hazard-dice 0.7984)
Epoch 8 step 8950 loss 0.2081 (ce 0.2081, hazard-dice 0.8179)
Checkpoint saved at step 8950
Epoch 8 step 8960 loss 0.2326 (ce 0.2326, hazard-dice 0.7421)
Epoch 8 step 8970 loss 0.1218 (ce 0.1218, hazard-dice 0.6628)
Epoch 8 step 8980 loss 0.1947 (ce 0.1947, hazard-dice 0.3803)
Epoch 8 step 8990 loss 0.1828 (ce 0.1828, hazard-dice 0.8639)
Epoch 8 step 9000 loss 0.2249 (ce 0.2249, hazard-dice 0.6129)
Checkpoint saved at step 9000
Epoch 8 step 9010 loss 0.2294 (ce 0.2294, hazard-dice 0.6802)
Epoch 8 step 9020 loss 0.1556 (ce 0.1556, hazard-dice 0.7546)
Epoch 8 step 9030 loss 0.2068 (ce 0.2068, hazard-dice 0.8290)
Epoch 8 step 9040 loss 0.3702 (ce 0.3702, hazard-dice 0.5274)
Epoch 8 step 9050 loss 0.1887 (ce 0.1887, hazard-dice 0.7858)
Checkpoint saved at step 9050
Epoch 8 step 9060 loss 0.4586 (ce 0.4586, hazard-dice 0.7165)
Epoch 8 step 9070 loss 0.3015 (ce 0.3015, hazard-dice 0.8255)
Epoch 8 step 9080 loss 0.1541 (ce 0.1541, hazard-dice 0.6601)
Epoch 8 step 9090 loss 0.2878 (ce 0.2878, hazard-dice 0.7354)
Epoch 8 step 9100 loss 0.1409 (ce 0.1409, hazard-dice 0.8155)
Checkpoint saved at step 9100
Epoch 8 step 9110 loss 0.2542 (ce 0.2542, hazard-dice 0.8319)
Epoch 8 step 9120 loss 0.1199 (ce 0.1199, hazard-dice 0.7975)
Epoch 8 step 9130 loss 0.4114 (ce 0.4114, hazard-dice 0.6233)
Epoch 8 step 9140 loss 0.1850 (ce 0.1850, hazard-dice 0.8959)
Epoch 8 step 9150 loss 0.2192 (ce 0.2192, hazard-dice 0.7874)
Checkpoint saved at step 9150
Epoch 8 step 9160 loss 0.2891 (ce 0.2891, hazard-dice 0.7081)
Epoch 8 step 9170 loss 0.1445 (ce 0.1445, hazard-dice 0.7963)
Epoch 8 step 9180 loss 0.2176 (ce 0.2176, hazard-dice 0.6056)
Epoch 8 step 9190 loss 0.1505 (ce 0.1505, hazard-dice 0.6472)
Epoch 8 step 9200 loss 0.2678 (ce 0.2678, hazard-dice 0.7855)
Checkpoint saved at step 9200
Epoch 8 step 9210 loss 0.4381 (ce 0.4381, hazard-dice 0.6551)
Epoch 8 step 9220 loss 0.2103 (ce 0.2103, hazard-dice 0.7141)
Epoch 8 complete. Avg val loss: 0.8249 (ce 0.8249, hazard-dice 0.5250)
No improvement for 3 epoch(s) (best remains 0.6689 from an earlier epoch)
End-of-epoch checkpoint saved (epoch 9)
Epoch 9 step 9230 loss 0.4580 (ce 0.4580, hazard-dice 0.7708)
Epoch 9 step 9240 loss 0.4044 (ce 0.4044, hazard-dice 0.8284)
Epoch 9 step 9250 loss 0.2310 (ce 0.2310, hazard-dice 0.7624)
Checkpoint saved at step 9250
Epoch 9 step 9260 loss 0.2216 (ce 0.2216, hazard-dice 0.6517)
Epoch 9 step 9270 loss 0.3066 (ce 0.3066, hazard-dice 0.7396)
Epoch 9 step 9280 loss 0.3923 (ce 0.3923, hazard-dice 0.8417)
Epoch 9 step 9290 loss 0.2103 (ce 0.2103, hazard-dice 0.6678)
Epoch 9 step 9300 loss 0.2481 (ce 0.2481, hazard-dice 0.7687)
Checkpoint saved at step 9300
Epoch 9 step 9310 loss 0.2651 (ce 0.2651, hazard-dice 0.6749)
Epoch 9 step 9320 loss 0.1827 (ce 0.1827, hazard-dice 0.9152)
Epoch 9 step 9330 loss 0.3277 (ce 0.3277, hazard-dice 0.6810)
Epoch 9 step 9340 loss 0.4842 (ce 0.4842, hazard-dice 0.7269)
Epoch 9 step 9350 loss 0.1594 (ce 0.1594, hazard-dice 0.8232)
Checkpoint saved at step 9350
Epoch 9 step 9360 loss 0.2134 (ce 0.2134, hazard-dice 0.6001)
Epoch 9 step 9370 loss 0.3418 (ce 0.3418, hazard-dice 0.6787)
Epoch 9 step 9380 loss 0.2559 (ce 0.2559, hazard-dice 0.6713)
Epoch 9 step 9390 loss 0.1641 (ce 0.1641, hazard-dice 0.4410)
Epoch 9 step 9400 loss 0.1352 (ce 0.1352, hazard-dice 0.7392)
Checkpoint saved at step 9400
Epoch 9 step 9410 loss 0.2047 (ce 0.2047, hazard-dice 0.8249)
Epoch 9 step 9420 loss 0.2241 (ce 0.2241, hazard-dice 0.7687)
Epoch 9 step 9430 loss 0.3095 (ce 0.3095, hazard-dice 0.7101)
Epoch 9 step 9440 loss 0.1128 (ce 0.1128, hazard-dice 0.7325)
Epoch 9 step 9450 loss 0.1241 (ce 0.1241, hazard-dice 0.8145)
Checkpoint saved at step 9450
Epoch 9 step 9460 loss 0.1482 (ce 0.1482, hazard-dice 0.6676)
Epoch 9 step 9470 loss 0.2745 (ce 0.2745, hazard-dice 0.7822)
Epoch 9 step 9480 loss 0.2570 (ce 0.2570, hazard-dice 0.5836)
Epoch 9 step 9490 loss 0.2036 (ce 0.2036, hazard-dice 0.6566)
Epoch 9 step 9500 loss 0.2275 (ce 0.2275, hazard-dice 0.8492)
Checkpoint saved at step 9500
Epoch 9 step 9510 loss 0.1370 (ce 0.1370, hazard-dice 0.6848)
Epoch 9 step 9520 loss 0.2016 (ce 0.2016, hazard-dice 0.7103)
Epoch 9 step 9530 loss 0.2374 (ce 0.2374, hazard-dice 0.7326)
Epoch 9 step 9540 loss 0.2284 (ce 0.2284, hazard-dice 0.7004)
Epoch 9 step 9550 loss 0.2323 (ce 0.2323, hazard-dice 0.7854)
Checkpoint saved at step 9550
Epoch 9 step 9560 loss 0.1837 (ce 0.1837, hazard-dice 0.7670)
Epoch 9 step 9570 loss 0.2755 (ce 0.2755, hazard-dice 0.6337)
Epoch 9 step 9580 loss 0.1188 (ce 0.1188, hazard-dice 0.8159)
Epoch 9 step 9590 loss 0.2173 (ce 0.2173, hazard-dice 0.5938)
Epoch 9 step 9600 loss 0.1739 (ce 0.1739, hazard-dice 0.7164)
Checkpoint saved at step 9600
Epoch 9 step 9610 loss 0.0820 (ce 0.0820, hazard-dice 0.6696)
Epoch 9 step 9620 loss 0.2618 (ce 0.2618, hazard-dice 0.6858)
Epoch 9 step 9630 loss 0.2408 (ce 0.2408, hazard-dice 0.5843)
Epoch 9 step 9640 loss 0.0579 (ce 0.0579, hazard-dice 0.6712)
Epoch 9 step 9650 loss 0.2517 (ce 0.2517, hazard-dice 0.7828)
Checkpoint saved at step 9650
Epoch 9 step 9660 loss 0.6057 (ce 0.6057, hazard-dice 0.7921)
Epoch 9 step 9670 loss 0.1374 (ce 0.1374, hazard-dice 0.5029)
Epoch 9 step 9680 loss 0.3151 (ce 0.3151, hazard-dice 0.7590)
Epoch 9 step 9690 loss 0.1359 (ce 0.1359, hazard-dice 0.7242)
Epoch 9 step 9700 loss 0.2552 (ce 0.2552, hazard-dice 0.7247)
Checkpoint saved at step 9700
Epoch 9 step 9710 loss 0.3249 (ce 0.3249, hazard-dice 0.8226)
Epoch 9 step 9720 loss 0.1765 (ce 0.1765, hazard-dice 0.6224)
Epoch 9 step 9730 loss 0.5221 (ce 0.5221, hazard-dice 0.8642)
Epoch 9 step 9740 loss 0.1713 (ce 0.1713, hazard-dice 0.8051)
Epoch 9 step 9750 loss 0.2167 (ce 0.2167, hazard-dice 0.8321)
Checkpoint saved at step 9750
Epoch 9 step 9760 loss 0.1747 (ce 0.1747, hazard-dice 0.6969)
Epoch 9 step 9770 loss 0.2269 (ce 0.2269, hazard-dice 0.8078)
Epoch 9 step 9780 loss 0.1067 (ce 0.1067, hazard-dice 0.7247)
Epoch 9 step 9790 loss 0.2582 (ce 0.2582, hazard-dice 0.7451)
Epoch 9 step 9800 loss 0.1969 (ce 0.1969, hazard-dice 0.7924)
Checkpoint saved at step 9800
Epoch 9 step 9810 loss 0.1806 (ce 0.1806, hazard-dice 0.6954)
Epoch 9 step 9820 loss 0.2408 (ce 0.2408, hazard-dice 0.5043)
Epoch 9 step 9830 loss 1.2801 (ce 1.2801, hazard-dice 0.8221)
Epoch 9 step 9840 loss 0.1068 (ce 0.1068, hazard-dice 0.7670)
Epoch 9 step 9850 loss 0.1408 (ce 0.1408, hazard-dice 0.7222)
Checkpoint saved at step 9850
Epoch 9 step 9860 loss 0.1022 (ce 0.1022, hazard-dice 0.4788)
Epoch 9 step 9870 loss 0.3679 (ce 0.3679, hazard-dice 0.7252)
Epoch 9 step 9880 loss 0.2137 (ce 0.2137, hazard-dice 0.9248)
Epoch 9 step 9890 loss 0.1565 (ce 0.1565, hazard-dice 0.6259)
Epoch 9 step 9900 loss 0.2180 (ce 0.2180, hazard-dice 0.8556)
Checkpoint saved at step 9900
Epoch 9 step 9910 loss 0.2183 (ce 0.2183, hazard-dice 0.8060)
Epoch 9 step 9920 loss 0.2170 (ce 0.2170, hazard-dice 0.6562)
Epoch 9 step 9930 loss 0.2380 (ce 0.2380, hazard-dice 0.7526)
Epoch 9 step 9940 loss 0.1552 (ce 0.1552, hazard-dice 0.7322)
Epoch 9 step 9950 loss 0.2242 (ce 0.2242, hazard-dice 0.6772)
Checkpoint saved at step 9950
Epoch 9 step 9960 loss 0.2900 (ce 0.2900, hazard-dice 0.7163)
Epoch 9 step 9970 loss 0.1875 (ce 0.1875, hazard-dice 0.7914)
Epoch 9 step 9980 loss 0.2354 (ce 0.2354, hazard-dice 0.5851)
Epoch 9 step 9990 loss 0.2510 (ce 0.2510, hazard-dice 0.5125)
Epoch 9 step 10000 loss 0.1279 (ce 0.1279, hazard-dice 0.8296)
Checkpoint saved at step 10000
Epoch 9 step 10010 loss 0.3127 (ce 0.3127, hazard-dice 0.6282)
Epoch 9 step 10020 loss 0.2191 (ce 0.2191, hazard-dice 0.8013)
Epoch 9 step 10030 loss 0.2581 (ce 0.2581, hazard-dice 0.6296)
Epoch 9 step 10040 loss 0.1645 (ce 0.1645, hazard-dice 0.7219)
Epoch 9 step 10050 loss 0.2121 (ce 0.2121, hazard-dice 0.7269)
Checkpoint saved at step 10050
Epoch 9 complete. Avg val loss: 0.6722 (ce 0.6722, hazard-dice 0.5118)
No improvement for 4 epoch(s) (best remains 0.6689 from an earlier epoch)
End-of-epoch checkpoint saved (epoch 10)
Epoch 10 step 10060 loss 0.1743 (ce 0.1743, hazard-dice 0.8440)
Epoch 10 step 10070 loss 0.1902 (ce 0.1902, hazard-dice 0.6495)
Epoch 10 step 10080 loss 0.5733 (ce 0.5733, hazard-dice 0.8890)
Epoch 10 step 10090 loss 0.2265 (ce 0.2265, hazard-dice 0.7406)
Epoch 10 step 10100 loss 0.1686 (ce 0.1686, hazard-dice 0.7551)
Checkpoint saved at step 10100
Epoch 10 step 10110 loss 0.2051 (ce 0.2051, hazard-dice 0.6987)
Epoch 10 step 10120 loss 0.2644 (ce 0.2644, hazard-dice 0.9147)
Epoch 10 step 10130 loss 0.3962 (ce 0.3962, hazard-dice 0.6649)
Epoch 10 step 10140 loss 0.2258 (ce 0.2258, hazard-dice 0.6808)
Epoch 10 step 10150 loss 0.1305 (ce 0.1305, hazard-dice 0.5974)
Checkpoint saved at step 10150
Epoch 10 step 10160 loss 1.1871 (ce 1.1871, hazard-dice 0.6785)
Epoch 10 step 10170 loss 0.3624 (ce 0.3624, hazard-dice 0.8265)
Epoch 10 step 10180 loss 0.2880 (ce 0.2880, hazard-dice 0.6758)
Epoch 10 step 10190 loss 0.2176 (ce 0.2176, hazard-dice 0.4092)
Epoch 10 step 10200 loss 0.1164 (ce 0.1164, hazard-dice 0.7512)
Checkpoint saved at step 10200
Epoch 10 step 10210 loss 0.2149 (ce 0.2149, hazard-dice 0.8474)
Epoch 10 step 10220 loss 0.0632 (ce 0.0632, hazard-dice 0.7857)
Epoch 10 step 10230 loss 0.1365 (ce 0.1365, hazard-dice 0.7111)
Epoch 10 step 10240 loss 0.2597 (ce 0.2597, hazard-dice 0.7181)
Epoch 10 step 10250 loss 0.2539 (ce 0.2539, hazard-dice 0.6115)
Checkpoint saved at step 10250
Epoch 10 step 10260 loss 1.0906 (ce 1.0906, hazard-dice 0.8072)
Epoch 10 step 10270 loss 0.2028 (ce 0.2028, hazard-dice 0.5432)
Epoch 10 step 10280 loss 0.2049 (ce 0.2049, hazard-dice 0.7131)
Epoch 10 step 10290 loss 0.1211 (ce 0.1211, hazard-dice 0.7170)
Epoch 10 step 10300 loss 0.2534 (ce 0.2534, hazard-dice 0.6265)
Checkpoint saved at step 10300
Epoch 10 step 10310 loss 0.1788 (ce 0.1788, hazard-dice 0.7901)
Epoch 10 step 10320 loss 0.2214 (ce 0.2214, hazard-dice 0.7290)
Epoch 10 step 10330 loss 0.2513 (ce 0.2513, hazard-dice 0.6739)
Epoch 10 step 10340 loss 0.1071 (ce 0.1071, hazard-dice 0.8586)
Epoch 10 step 10350 loss 0.2326 (ce 0.2326, hazard-dice 0.8008)
Checkpoint saved at step 10350
Epoch 10 step 10360 loss 0.1164 (ce 0.1164, hazard-dice 0.6844)
Epoch 10 step 10370 loss 0.1797 (ce 0.1797, hazard-dice 0.8960)
Epoch 10 step 10380 loss 0.2064 (ce 0.2064, hazard-dice 0.6966)
Epoch 10 step 10390 loss 0.2296 (ce 0.2296, hazard-dice 0.8097)
Epoch 10 step 10400 loss 0.1644 (ce 0.1644, hazard-dice 0.6895)
Checkpoint saved at step 10400
Epoch 10 step 10410 loss 0.0746 (ce 0.0746, hazard-dice 0.7668)
Epoch 10 step 10420 loss 0.2263 (ce 0.2263, hazard-dice 0.6818)
Epoch 10 step 10430 loss 0.2646 (ce 0.2646, hazard-dice 0.7038)
Epoch 10 step 10440 loss 0.2025 (ce 0.2025, hazard-dice 0.6532)
Epoch 10 step 10450 loss 0.2779 (ce 0.2779, hazard-dice 0.9250)
Checkpoint saved at step 10450
Epoch 10 step 10460 loss 0.1944 (ce 0.1944, hazard-dice 0.5694)
Epoch 10 step 10470 loss 0.1146 (ce 0.1146, hazard-dice 0.7984)
Epoch 10 step 10480 loss 0.1411 (ce 0.1411, hazard-dice 0.7599)
Epoch 10 step 10490 loss 0.1922 (ce 0.1922, hazard-dice 0.7441)
Epoch 10 step 10500 loss 0.5344 (ce 0.5344, hazard-dice 0.7899)
Checkpoint saved at step 10500
Epoch 10 step 10510 loss 0.2373 (ce 0.2373, hazard-dice 0.7639)
Epoch 10 step 10520 loss 0.2174 (ce 0.2174, hazard-dice 0.9952)
Epoch 10 step 10530 loss 0.2130 (ce 0.2130, hazard-dice 0.7246)
Epoch 10 step 10540 loss 0.2554 (ce 0.2554, hazard-dice 0.6627)
Epoch 10 step 10550 loss 0.4000 (ce 0.4000, hazard-dice 0.7178)
Checkpoint saved at step 10550
Epoch 10 step 10560 loss 0.3736 (ce 0.3736, hazard-dice 0.7980)
Epoch 10 step 10570 loss 0.2990 (ce 0.2990, hazard-dice 0.7185)
Epoch 10 step 10580 loss 0.1616 (ce 0.1616, hazard-dice 0.7735)
Epoch 10 step 10590 loss 0.2943 (ce 0.2943, hazard-dice 0.6014)
Epoch 10 step 10600 loss 0.0976 (ce 0.0976, hazard-dice 0.6449)
Checkpoint saved at step 10600
Epoch 10 step 10610 loss 0.1507 (ce 0.1507, hazard-dice 0.7908)
Epoch 10 step 10620 loss 0.1096 (ce 0.1096, hazard-dice 0.0000)
Epoch 10 step 10630 loss 0.1610 (ce 0.1610, hazard-dice 0.7491)
Epoch 10 step 10640 loss 0.2926 (ce 0.2926, hazard-dice 0.6656)
Epoch 10 step 10650 loss 0.0862 (ce 0.0862, hazard-dice 0.6906)
Checkpoint saved at step 10650
Epoch 10 step 10660 loss 0.3116 (ce 0.3116, hazard-dice 0.7606)
Epoch 10 step 10670 loss 0.1852 (ce 0.1852, hazard-dice 0.8371)
Epoch 10 step 10680 loss 0.2749 (ce 0.2749, hazard-dice 0.7376)
Epoch 10 step 10690 loss 0.2593 (ce 0.2593, hazard-dice 0.6761)
Epoch 10 step 10700 loss 0.2197 (ce 0.2197, hazard-dice 0.5686)
Checkpoint saved at step 10700
Epoch 10 step 10710 loss 0.2612 (ce 0.2612, hazard-dice 0.6333)
Epoch 10 step 10720 loss 0.1739 (ce 0.1739, hazard-dice 0.7018)
Epoch 10 step 10730 loss 0.2234 (ce 0.2234, hazard-dice 0.5466)
Epoch 10 step 10740 loss 0.0764 (ce 0.0764, hazard-dice 0.7738)
Epoch 10 step 10750 loss 0.1820 (ce 0.1820, hazard-dice 0.8350)
Checkpoint saved at step 10750
Epoch 10 step 10760 loss 0.1052 (ce 0.1052, hazard-dice 0.6520)
Epoch 10 step 10770 loss 0.1838 (ce 0.1838, hazard-dice 0.6193)
Epoch 10 step 10780 loss 0.2472 (ce 0.2472, hazard-dice 0.7003)
Epoch 10 step 10790 loss 0.2720 (ce 0.2720, hazard-dice 0.6401)
Epoch 10 step 10800 loss 0.1340 (ce 0.1340, hazard-dice 0.7739)
Checkpoint saved at step 10800
Epoch 10 step 10810 loss 0.3016 (ce 0.3016, hazard-dice 0.5966)
Epoch 10 step 10820 loss 0.1365 (ce 0.1365, hazard-dice 0.5974)
Epoch 10 step 10830 loss 0.1715 (ce 0.1715, hazard-dice 0.6300)
Epoch 10 step 10840 loss 0.2440 (ce 0.2440, hazard-dice 0.7454)
Epoch 10 step 10850 loss 0.1966 (ce 0.1966, hazard-dice 0.8458)
Checkpoint saved at step 10850
Epoch 10 step 10860 loss 0.1029 (ce 0.1029, hazard-dice 0.6713)
Epoch 10 step 10870 loss 0.5421 (ce 0.5421, hazard-dice 0.6842)
Epoch 10 step 10880 loss 0.1540 (ce 0.1540, hazard-dice 0.8953)
Epoch 10 complete. Avg val loss: 0.7901 (ce 0.7901, hazard-dice 0.5061)
No improvement for 5 epoch(s) (best remains 0.6689 from an earlier epoch)
End-of-epoch checkpoint saved (epoch 11)
Early stopping: no improvement for 5 epochs (patience=5). Stopping at epoch 11.
